Component: ARM Compiler 5.05 update 1 (build 106) Tool: armlink [4d0efa]

==============================================================================

Section Cross References

    startup_stm32f10x_hd.o(RESET) refers to startup_stm32f10x_hd.o(STACK) for __initial_sp
    startup_stm32f10x_hd.o(RESET) refers to startup_stm32f10x_hd.o(.text) for Reset_Handler
    startup_stm32f10x_hd.o(RESET) refers to stm32f10x_it.o(i.NMI_Handler) for NMI_Handler
    startup_stm32f10x_hd.o(RESET) refers to stm32f10x_it.o(i.HardFault_Handler) for HardFault_Handler
    startup_stm32f10x_hd.o(RESET) refers to stm32f10x_it.o(i.MemManage_Handler) for MemManage_Handler
    startup_stm32f10x_hd.o(RESET) refers to stm32f10x_it.o(i.BusFault_Handler) for BusFault_Handler
    startup_stm32f10x_hd.o(RESET) refers to stm32f10x_it.o(i.UsageFault_Handler) for UsageFault_Handler
    startup_stm32f10x_hd.o(RESET) refers to stm32f10x_it.o(i.SVC_Handler) for SVC_Handler
    startup_stm32f10x_hd.o(RESET) refers to stm32f10x_it.o(i.DebugMon_Handler) for DebugMon_Handler
    startup_stm32f10x_hd.o(RESET) refers to stm32f10x_it.o(i.PendSV_Handler) for PendSV_Handler
    startup_stm32f10x_hd.o(RESET) refers to stm32f10x_it.o(i.SysTick_Handler) for SysTick_Handler
    startup_stm32f10x_hd.o(RESET) refers to stm32f10x_it.o(i.EXTI0_IRQHandler) for EXTI0_IRQHandler
    startup_stm32f10x_hd.o(RESET) refers to stm32f10x_it.o(i.EXTI1_IRQHandler) for EXTI1_IRQHandler
    startup_stm32f10x_hd.o(RESET) refers to stm32f10x_it.o(i.EXTI4_IRQHandler) for EXTI4_IRQHandler
    startup_stm32f10x_hd.o(RESET) refers to comm_can.o(i.USB_LP_CAN1_RX0_IRQHandler) for USB_LP_CAN1_RX0_IRQHandler
    startup_stm32f10x_hd.o(RESET) refers to stm32f10x_it.o(i.EXTI9_5_IRQHandler) for EXTI9_5_IRQHandler
    startup_stm32f10x_hd.o(RESET) refers to hostcomm.o(i.TIM2_IRQHandler) for TIM2_IRQHandler
    startup_stm32f10x_hd.o(RESET) refers to stm32f10x_it.o(i.TIM4_IRQHandler) for TIM4_IRQHandler
    startup_stm32f10x_hd.o(RESET) refers to hostcomm.o(i.USART1_IRQHandler) for USART1_IRQHandler
    startup_stm32f10x_hd.o(RESET) refers to stm32f10x_it.o(i.EXTI15_10_IRQHandler) for EXTI15_10_IRQHandler
    startup_stm32f10x_hd.o(.text) refers to system_stm32f10x.o(i.SystemInit) for SystemInit
    startup_stm32f10x_hd.o(.text) refers to entry.o(.ARM.Collect$$$$00000000) for __main
    stm32f10x_adc.o(i.ADC_DeInit) refers to stm32f10x_rcc.o(i.RCC_APB2PeriphResetCmd) for RCC_APB2PeriphResetCmd
    stm32f10x_bkp.o(i.BKP_DeInit) refers to stm32f10x_rcc.o(i.RCC_BackupResetCmd) for RCC_BackupResetCmd
    stm32f10x_gpio.o(i.GPIO_AFIODeInit) refers to stm32f10x_rcc.o(i.RCC_APB2PeriphResetCmd) for RCC_APB2PeriphResetCmd
    stm32f10x_gpio.o(i.GPIO_DeInit) refers to stm32f10x_rcc.o(i.RCC_APB2PeriphResetCmd) for RCC_APB2PeriphResetCmd
    stm32f10x_pwr.o(i.PWR_DeInit) refers to stm32f10x_rcc.o(i.RCC_APB1PeriphResetCmd) for RCC_APB1PeriphResetCmd
    stm32f10x_rcc.o(i.RCC_GetClocksFreq) refers to stm32f10x_rcc.o(.data) for APBAHBPrescTable
    stm32f10x_rcc.o(i.RCC_WaitForHSEStartUp) refers to stm32f10x_rcc.o(i.RCC_GetFlagStatus) for RCC_GetFlagStatus
    stm32f10x_tim.o(i.TIM_DeInit) refers to stm32f10x_rcc.o(i.RCC_APB2PeriphResetCmd) for RCC_APB2PeriphResetCmd
    stm32f10x_tim.o(i.TIM_DeInit) refers to stm32f10x_rcc.o(i.RCC_APB1PeriphResetCmd) for RCC_APB1PeriphResetCmd
    stm32f10x_tim.o(i.TIM_ETRClockMode1Config) refers to stm32f10x_tim.o(i.TIM_ETRConfig) for TIM_ETRConfig
    stm32f10x_tim.o(i.TIM_ETRClockMode2Config) refers to stm32f10x_tim.o(i.TIM_ETRConfig) for TIM_ETRConfig
    stm32f10x_tim.o(i.TIM_ICInit) refers to stm32f10x_tim.o(i.TI1_Config) for TI1_Config
    stm32f10x_tim.o(i.TIM_ICInit) refers to stm32f10x_tim.o(i.TIM_SetIC1Prescaler) for TIM_SetIC1Prescaler
    stm32f10x_tim.o(i.TIM_ICInit) refers to stm32f10x_tim.o(i.TI2_Config) for TI2_Config
    stm32f10x_tim.o(i.TIM_ICInit) refers to stm32f10x_tim.o(i.TIM_SetIC2Prescaler) for TIM_SetIC2Prescaler
    stm32f10x_tim.o(i.TIM_ICInit) refers to stm32f10x_tim.o(i.TI3_Config) for TI3_Config
    stm32f10x_tim.o(i.TIM_ICInit) refers to stm32f10x_tim.o(i.TIM_SetIC3Prescaler) for TIM_SetIC3Prescaler
    stm32f10x_tim.o(i.TIM_ICInit) refers to stm32f10x_tim.o(i.TI4_Config) for TI4_Config
    stm32f10x_tim.o(i.TIM_ICInit) refers to stm32f10x_tim.o(i.TIM_SetIC4Prescaler) for TIM_SetIC4Prescaler
    stm32f10x_tim.o(i.TIM_ITRxExternalClockConfig) refers to stm32f10x_tim.o(i.TIM_SelectInputTrigger) for TIM_SelectInputTrigger
    stm32f10x_tim.o(i.TIM_PWMIConfig) refers to stm32f10x_tim.o(i.TI1_Config) for TI1_Config
    stm32f10x_tim.o(i.TIM_PWMIConfig) refers to stm32f10x_tim.o(i.TIM_SetIC1Prescaler) for TIM_SetIC1Prescaler
    stm32f10x_tim.o(i.TIM_PWMIConfig) refers to stm32f10x_tim.o(i.TI2_Config) for TI2_Config
    stm32f10x_tim.o(i.TIM_PWMIConfig) refers to stm32f10x_tim.o(i.TIM_SetIC2Prescaler) for TIM_SetIC2Prescaler
    stm32f10x_tim.o(i.TIM_TIxExternalClockConfig) refers to stm32f10x_tim.o(i.TI2_Config) for TI2_Config
[...]
    Removing stm32f10x_can.o(i.CAN_FIFORelease), (22 bytes).
    Removing stm32f10x_can.o(i.CAN_GetFlagStatus), (120 bytes).
    Removing stm32f10x_can.o(i.CAN_GetLSBTransmitErrorCounter), (12 bytes).
    Removing stm32f10x_can.o(i.CAN_GetLastErrorCode), (12 bytes).
    Removing stm32f10x_can.o(i.CAN_GetReceiveErrorCounter), (10 bytes).
    Removing stm32f10x_can.o(i.CAN_MessagePending), (30 bytes).
    Removing stm32f10x_can.o(i.CAN_OperatingModeRequest), (162 bytes).
    Removing stm32f10x_can.o(i.CAN_SlaveStartBank), (52 bytes).
    Removing stm32f10x_can.o(i.CAN_Sleep), (30 bytes).
    Removing stm32f10x_can.o(i.CAN_StructInit), (32 bytes).
    Removing stm32f10x_can.o(i.CAN_TTComModeCmd), (118 bytes).
    Removing stm32f10x_can.o(i.CAN_WakeUp), (48 bytes).
    Removing system_stm32f10x.o(i.SystemCoreClockUpdate), (164 bytes).
    Removing system_stm32f10x.o(.data), (20 bytes).
    Removing laminating.o(i.Laminating_Process), (40 bytes).
    Removing common.o(i.Delay_ms), (24 bytes).
    Removing common.o(i.Delay_us_SW), (28 bytes).
    Removing common.o(i.SoftReset), (48 bytes).
    Removing dma.o(i.DMA_UART5_Init), (56 bytes).
    Removing dma.o(i.UART4_DMA_StartConversion_1_times), (76 bytes).
    Removing temp.o(i.Calculate_Value), (124 bytes).
    Removing temp.o(i.Temp_Monitor), (56 bytes).
    Removing devices.o(i.Valve10_Lock), (26 bytes).
    Removing devices.o(i.Valve11_Lock), (26 bytes).
    Removing devices.o(i.Valve9_Lock), (42 bytes).
    Removing devices.o(.data), (1 bytes).
    Removing sensor.o(i.Pos_Read_Sensor), (340 bytes).
    Removing sensor.o(.bss), (9 bytes).
    Removing sensor.o(.data), (1 bytes).
    Removing tempcontrol.o(i.PIDAutoRegulation), (560 bytes).
    Removing tempcontrol.o(i.TempControl_Process), (60 bytes).
    Removing flash.o(i.Flash_Read), (34 bytes).
    Removing flash.o(i.Flash_ReadHalfWord), (6 bytes).
    Removing flash.o(i.Flash_Write), (232 bytes).
    Removing flash.o(i.Flash_Write_NoCheck), (38 bytes).
    Removing flash.o(.bss), (2048 bytes).
    Removing flash.o(.data), (4 bytes).
    Removing hostcomm.o(i.HostComm_TimeOut_Reload), (8 bytes).
    Removing hostcomm.o(i.fputc), (36 bytes).
    Removing hostcomm.o(.bss), (512 bytes).
    Removing hostcomm.o(.data), (1 bytes).
    Removing hostprocess.o(.bss), (578 bytes).
    Removing hostprocess.o(.data), (2 bytes).
    Removing comm.o(i.Comm_CAN_SendOnePackage), (96 bytes).
    Removing comm.o(i.Comm_CanDirectSend), (120 bytes).
    Removing comm.o(i.Comm_CanTxDataPut), (36 bytes).
    Removing comm.o(i.Comm_CanTxMultiDataPut), (208 bytes).
    Removing comm.o(i.Comm_CanTxSingleDataPut), (40 bytes).
    Removing comm_can.o(.bss), (3072 bytes).
    Removing comm_can_fifo.o(i.Comm_CAN_FIFO_Copy), (50 bytes).
    Removing comm_can_fifo.o(i.Comm_CAN_FIFO_TxDataPut), (82 bytes).
    Removing comm_can_fifo.o(i.Comm_CanMultiFIFOInit), (24 bytes).
    Removing comm_can_fifo.o(i.Comm_CanRxMulitDataPut), (170 bytes).
    Removing ffixui.o(.text), (40 bytes).
    Removing dfixui.o(.text), (50 bytes).
    Removing cdcmple.o(.text), (48 bytes).
    Removing cfrcmple.o(.text), (20 bytes).
    Removing dfixul.o(.text), (48 bytes).
    Removing cdrcmple.o(.text), (48 bytes).

298 unused section(s) (total 18638 bytes) removed from the image.

==============================================================================

Image Symbol Table

    Local Symbols

    Symbol Name                              Value     Ov Type        Size  Object(Section)

    ../clib/microlib/division.c              0x00000000   Number         0  uldiv.o ABSOLUTE
    ../clib/microlib/division.c              0x00000000   Number         0  uidiv.o ABSOLUTE
    ../clib/microlib/init/entry.s            0x00000000   Number         0  entry10a.o ABSOLUTE
    ../clib/microlib/init/entry.s            0x00000000   Number         0  entry10b.o ABSOLUTE
    ../clib/microlib/init/entry.s            0x00000000   Number         0  entry7b.o ABSOLUTE
    ../clib/microlib/init/entry.s            0x00000000   Number         0  entry8a.o ABSOLUTE
    ../clib/microlib/init/entry.s            0x00000000   Number         0  entry5.o ABSOLUTE
    ../clib/microlib/init/entry.s            0x00000000   Number         0  entry.o ABSOLUTE
    ../clib/microlib/init/entry.s            0x00000000   Number         0  entry8b.o ABSOLUTE
    ../clib/microlib/init/entry.s            0x00000000   Number         0  entry2.o ABSOLUTE
    ../clib/microlib/init/entry.s            0x00000000   Number         0  entry9b.o ABSOLUTE
    ../clib/microlib/init/entry.s            0x00000000   Number         0  entry9a.o ABSOLUTE
    ../clib/microlib/init/entry.s            0x00000000   Number         0  entry7a.o ABSOLUTE
    ../clib/microlib/init/entry.s            0x00000000   Number         0  entry11b.o ABSOLUTE
    ../clib/microlib/init/entry.s            0x00000000   Number         0  entry11a.o ABSOLUTE
    ../clib/microlib/longlong.c              0x00000000   Number         0  llshl.o ABSOLUTE
    ../clib/microlib/longlong.c              0x00000000   Number         0  llushr.o ABSOLUTE
    ../clib/microlib/longlong.c              0x00000000   Number         0  llsshr.o ABSOLUTE
    ../clib/microlib/printf/printf.c         0x00000000   Number         0  printf8.o ABSOLUTE
    ../clib/microlib/printf/printf.c         0x00000000   Number         0  printf2.o ABSOLUTE
    ../clib/microlib/printf/printf.c         0x00000000   Number         0  printf1.o ABSOLUTE
    ../clib/microlib/printf/printf.c         0x00000000   Number         0  printf0.o ABSOLUTE
    ../clib/microlib/printf/printf.c         0x00000000   Number         0  printf6.o ABSOLUTE
    ../clib/microlib/printf/printf.c         0x00000000   Number         0  printf7.o ABSOLUTE
    ../clib/microlib/printf/printf.c         0x00000000   Number         0  printfb.o ABSOLUTE
    ../clib/microlib/printf/printf.c         0x00000000   Number         0  printfa.o ABSOLUTE
    ../clib/microlib/printf/printf.c         0x00000000   Number         0  printf4.o ABSOLUTE
    ../clib/microlib/printf/printf.c         0x00000000   Number         0  printf5.o ABSOLUTE
    ../clib/microlib/printf/printf.c         0x00000000   Number         0  printf3.o ABSOLUTE
    ../clib/microlib/printf/stubs.s          0x00000000   Number         0  stubs.o ABSOLUTE
    ../clib/microlib/stdio/streams.c         0x00000000   Number         0  stdout.o ABSOLUTE
    ../clib/microlib/string/memcpy.c         0x00000000   Number         0  memcpya.o ABSOLUTE
    ../clib/microlib/string/memcpy.c         0x00000000   Number         0  memcpyb.o ABSOLUTE
    ../clib/microlib/string/memset.c         0x00000000   Number         0  memseta.o ABSOLUTE
    ../clib/microlib/stubs.s                 0x00000000   Number         0  iusefp.o ABSOLUTE
    ../fplib/microlib/d2f.c                  0x00000000   Number         0  d2f.o ABSOLUTE
    ../fplib/microlib/f2d.c                  0x00000000   Number         0  f2d.o ABSOLUTE
    ../fplib/microlib/fpadd.c                0x00000000   Number         0  dadd.o ABSOLUTE
    ../fplib/microlib/fpadd.c                0x00000000   Number         0  fadd.o ABSOLUTE
    ../fplib/microlib/fpdiv.c                0x00000000   Number         0  ddiv.o ABSOLUTE
    ../fplib/microlib/fpdiv.c                0x00000000   Number         0  fdiv.o ABSOLUTE
    ../fplib/microlib/fpepilogue.c           0x00000000   Number         0  depilogue.o ABSOLUTE
    ../fplib/microlib/fpepilogue.c           0x00000000   Number         0  fepilogue.o ABSOLUTE
    ../fplib/microlib/fpfix.c                0x00000000   Number         0  ffixi.o ABSOLUTE
    ../fplib/microlib/fpfix.c                0x00000000   Number         0  dfixui.o ABSOLUTE
    ../fplib/microlib/fpfix.c                0x00000000   Number         0  ffixui.o ABSOLUTE
    ../fplib/microlib/fpfix.c                0x00000000   Number         0  dfixul.o ABSOLUTE
    ../fplib/microlib/fpflt.c                0x00000000   Number         0  fflti.o ABSOLUTE
    ../fplib/microlib/fpflt.c                0x00000000   Number         0  ffltui.o ABSOLUTE
    ../fplib/microlib/fpmul.c                0x00000000   Number         0  dmul.o ABSOLUTE
    ../fplib/microlib/fpmul.c                0x00000000   Number         0  fmul.o ABSOLUTE
    Source\CORE\core_cm3.c                   0x00000000   Number         0  core_cm3.o ABSOLUTE
    Source\CORE\startup_stm32f10x_hd.s       0x00000000   Number         0  startup_stm32f10x_hd.o ABSOLUTE
    Source\FWLib\src\misc.c                  0x00000000   Number         0  misc.o ABSOLUTE
    Source\FWLib\src\stm32f10x_adc.c         0x00000000   Number         0  stm32f10x_adc.o ABSOLUTE
    Source\FWLib\src\stm32f10x_bkp.c         0x00000000   Number         0  stm32f10x_bkp.o ABSOLUTE
    Source\FWLib\src\stm32f10x_can.c         0x00000000   Number         0  stm32f10x_can.o ABSOLUTE
    Source\FWLib\src\stm32f10x_crc.c         0x00000000   Number         0  stm32f10x_crc.o ABSOLUTE
    Source\FWLib\src\stm32f10x_dma.c         0x00000000   Number         0  stm32f10x_dma.o ABSOLUTE
    Source\FWLib\src\stm32f10x_exti.c        0x00000000   Number         0  stm32f10x_exti.o ABSOLUTE
    Source\FWLib\src\stm32f10x_flash.c       0x00000000   Number         0  stm32f10x_flash.o ABSOLUTE
    Source\FWLib\src\stm32f10x_gpio.c        0x00000000   Number         0  stm32f10x_gpio.o ABSOLUTE
    Source\FWLib\src\stm32f10x_pwr.c         0x00000000   Number         0  stm32f10x_pwr.o ABSOLUTE
    Source\FWLib\src\stm32f10x_rcc.c         0x00000000   Number         0  stm32f10x_rcc.o ABSOLUTE
    Source\FWLib\src\stm32f10x_tim.c         0x00000000   Number         0  stm32f10x_tim.o ABSOLUTE
    Source\FWLib\src\stm32f10x_usart.c       0x00000000   Number         0  stm32f10x_usart.o ABSOLUTE
    Source\ISR\stm32f10x_it.c                0x00000000   Number         0  stm32f10x_it.o ABSOLUTE
    Source\Modules\CRC16\CRC16.c             0x00000000   Number         0  crc16.o ABSOLUTE
    Source\Modules\Comm\Comm.c               0x00000000   Number         0  comm.o ABSOLUTE
    Source\Modules\Comm\Comm_CAN.c           0x00000000   Number         0  comm_can.o ABSOLUTE
    Source\Modules\Comm\Comm_CAN_FIFO.c      0x00000000   Number         0  comm_can_fifo.o ABSOLUTE
    Source\Modules\Common\Common.c           0x00000000   Number         0  common.o ABSOLUTE
    Source\Modules\DMA\dma.c                 0x00000000   Number         0  dma.o ABSOLUTE
    Source\Modules\Devices\Device_Action.c   0x00000000   Number         0  device_action.o ABSOLUTE
    Source\Modules\Devices\devices.c         0x00000000   Number         0  devices.o ABSOLUTE
    Source\Modules\Flash\Flash.c             0x00000000   Number         0  flash.o ABSOLUTE
    Source\Modules\HostComm\HostComm.c       0x00000000   Number         0  hostcomm.o ABSOLUTE
    Source\Modules\HostProcess\HostProcess.c 0x00000000   Number         0  hostprocess.o ABSOLUTE
    Source\Modules\Laminating\Laminating.c   0x00000000   Number         0  laminating.o ABSOLUTE
    Source\Modules\Sensor\sensor.c           0x00000000   Number         0  sensor.o ABSOLUTE
    Source\Modules\TIMER\Timer4.c            0x00000000   Number         0  timer4.o ABSOLUTE
    Source\Modules\Temp\Temp.c               0x00000000   Number         0  temp.o ABSOLUTE
    Source\Modules\Temp\TempControl.c        0x00000000   Number         0  tempcontrol.o ABSOLUTE
    Source\Modules\adc\adc.c                 0x00000000   Number         0  adc.o ABSOLUTE
    Source\System\Global_variable.c          0x00000000   Number         0  global_variable.o ABSOLUTE
    Source\System\main.c                     0x00000000   Number         0  main.o ABSOLUTE
    Source\System\system_stm32f10x.c         0x00000000   Number         0  system_stm32f10x.o ABSOLUTE
    Source\\CORE\\core_cm3.c                 0x00000000   Number         0  core_cm3.o ABSOLUTE
    cdcmple.s                                0x00000000   Number         0  cdcmple.o ABSOLUTE
    cdrcmple.s                               0x00000000   Number         0  cdrcmple.o ABSOLUTE
    cfcmple.s                                0x00000000   Number         0  cfcmple.o ABSOLUTE
    cfrcmple.s                               0x00000000   Number         0  cfrcmple.o ABSOLUTE
    dc.s                                     0x00000000   Number         0  dc.o ABSOLUTE
    handlers.s                               0x00000000   Number         0  handlers.o ABSOLUTE
    init.s                                   0x00000000   Number         0  init.o ABSOLUTE
    RESET                                    0x08000000   Section      304  startup_stm32f10x_hd.o(RESET)
    .ARM.Collect$$$$00000000                 0x08000130   Section        0  entry.o(.ARM.Collect$$$$00000000)
    .ARM.Collect$$$$00000001                 0x08000130   Section        4  entry2.o(.ARM.Collect$$$$00000001)
    .ARM.Collect$$$$00000004                 0x08000134   Section        4  entry5.o(.ARM.Collect$$$$00000004)
    .ARM.Collect$$$$00000008                 0x08000138   Section        0  entry7b.o(.ARM.Collect$$$$00000008)
    .ARM.Collect$$$$0000000A                 0x08000138   Section        0  entry8b.o(.ARM.Collect$$$$0000000A)
    .ARM.Collect$$$$0000000B                 0x08000138   Section        8  entry9a.o(.ARM.Collect$$$$0000000B)
    .ARM.Collect$$$$0000000D                 0x08000140   Section        0  entry10a.o(.ARM.Collect$$$$0000000D)
    .ARM.Collect$$$$0000000F                 0x08000140   Section        0  entry11a.o(.ARM.Collect$$$$0000000F)
    .ARM.Collect$$$$00002712                 0x08000140   Section        4  entry2.o(.ARM.Collect$$$$00002712)
    __lit__00000000                          0x08000140   Data           4  entry2.o(.ARM.Collect$$$$00002712)
    .text                                    0x08000144   Section       36  startup_stm32f10x_hd.o(.text)
    .text                                    0x08000168   Section        0  memcpya.o(.text)
    .text                                    0x0800018c   Section        0  memseta.o(.text)
    .text                                    0x080001b0   Section        0  fadd.o(.text)
    .text                                    0x08000260   Section        0  fmul.o(.text)
    .text                                    0x080002c4   Section        0  fdiv.o(.text)
    .text                                    0x08000340   Section        0  dadd.o(.text)
    .text                                    0x0800048e   Section        0  dmul.o(.text)
    .text                                    0x08000572   Section        0  ddiv.o(.text)
    .text                                    0x08000650   Section        0  fflti.o(.text)
    .text                                    0x08000662   Section        0  ffltui.o(.text)
    .text                                    0x0800066c   Section        0  ffixi.o(.text)
    .text                                    0x0800069e   Section        0  f2d.o(.text)
    .text                                    0x080006c4   Section        0  d2f.o(.text)
    .text                                    0x080006fc   Section       20  cfcmple.o(.text)
    .text                                    0x08000710   Section        0  llshl.o(.text)
    .text                                    0x0800072e   Section        0  llushr.o(.text)
    .text                                    0x0800074e   Section        0  llsshr.o(.text)
    .text                                    0x08000772   Section        0  fepilogue.o(.text)
    .text                                    0x08000772   Section        0  iusefp.o(.text)
    .text                                    0x080007e0   Section        0  depilogue.o(.text)
    .text                                    0x0800089c   Section       36  init.o(.text)
    i.ADC_Cmd                                0x080008c0   Section        0  stm32f10x_adc.o(i.ADC_Cmd)
    i.ADC_DMACmd                             0x080008d6   Section        0  stm32f10x_adc.o(i.ADC_DMACmd)
    i.ADC_DMA_Init                           0x080008ec   Section        0  dma.o(i.ADC_DMA_Init)
    i.ADC_DMA_StartConversion_1_times        0x08000920   Section        0  dma.o(i.ADC_DMA_StartConversion_1_times)
    i.ADC_DeInit                             0x08000974   Section        0  stm32f10x_adc.o(i.ADC_DeInit)
    i.ADC_GetCalibrationStatus               0x080009d0   Section        0  stm32f10x_adc.o(i.ADC_GetCalibrationStatus)
    i.ADC_GetResetCalibrationStatus          0x080009e4   Section        0  stm32f10x_adc.o(i.ADC_GetResetCalibrationStatus)
    i.ADC_Init                               0x080009f8   Section        0  stm32f10x_adc.o(i.ADC_Init)
    i.ADC_RegularChannelConfig               0x08000a48   Section        0  stm32f10x_adc.o(i.ADC_RegularChannelConfig)
    i.ADC_ResetCalibration                   0x08000b00   Section        0  stm32f10x_adc.o(i.ADC_ResetCalibration)
    i.ADC_SoftwareStartConvCmd               0x08000b0a   Section        0  stm32f10x_adc.o(i.ADC_SoftwareStartConvCmd)
    i.ADC_StartCalibration                   0x08000b20   Section        0  stm32f10x_adc.o(i.ADC_StartCalibration)
    i.Apparatus_Action                       0x08000b2c   Section        0  device_action.o(i.Apparatus_Action)
    i.Apparatus_Devices                      0x08000b50   Section        0  device_action.o(i.Apparatus_Devices)
    i.BusFault_Handler                       0x08000c0c   Section        0  stm32f10x_it.o(i.BusFault_Handler)
    i.CAN_ClearITPendingBit                  0x08000c10   Section        0  stm32f10x_can.o(i.CAN_ClearITPendingBit)
    i.CAN_FilterInit                         0x08000cb8   Section        0  stm32f10x_can.o(i.CAN_FilterInit)
    i.CAN_GetITStatus                        0x08000dc0   Section        0  stm32f10x_can.o(i.CAN_GetITStatus)
    i.CAN_ITConfig                           0x08000ee0   Section        0  stm32f10x_can.o(i.CAN_ITConfig)
    i.CAN_Init                               0x08000ef2   Section        0  stm32f10x_can.o(i.CAN_Init)
    i.CAN_Receive                            0x08001006   Section        0  stm32f10x_can.o(i.CAN_Receive)
    i.CAN_Transmit                           0x080010f6   Section        0  stm32f10x_can.o(i.CAN_Transmit)
    i.CAN_TransmitStatus                     0x0800121c   Section        0  stm32f10x_can.o(i.CAN_TransmitStatus)
    i.CRC16_Calculate                        0x080012bc   Section        0  crc16.o(i.CRC16_Calculate)
    i.Calc4BitsCRC                           0x080012f4   Section        0  crc16.o(i.Calc4BitsCRC)
    Calc4BitsCRC                             0x080012f5   Thumb Code    26  crc16.o(i.Calc4BitsCRC)
    i.CheckITStatus                          0x08001314   Section        0  stm32f10x_can.o(i.CheckITStatus)
    CheckITStatus                            0x08001315   Thumb Code    18  stm32f10x_can.o(i.CheckITStatus)
    i.ClearAllpwmValue                       0x08001326   Section        0  temp.o(i.ClearAllpwmValue)
    i.Comm_CAN_FIFO_Init                     0x08001342   Section        0  comm_can_fifo.o(i.Comm_CAN_FIFO_Init)
    i.Comm_CAN_FIFO_RxDataGet                0x08001378   Section        0  comm_can_fifo.o(i.Comm_CAN_FIFO_RxDataGet)
    i.Comm_CAN_FIFO_RxDataPut                0x080013d2   Section        0  comm_can_fifo.o(i.Comm_CAN_FIFO_RxDataPut)
    i.Comm_CAN_FIFO_TxDataGet                0x0800144c   Section        0  comm_can_fifo.o(i.Comm_CAN_FIFO_TxDataGet)
    i.Comm_CAN_FilterInit                    0x080014bc   Section        0  comm_can.o(i.Comm_CAN_FilterInit)
    Comm_CAN_FilterInit                      0x080014bd   Thumb Code    64  comm_can.o(i.Comm_CAN_FilterInit)
    i.Comm_CAN_FilterNumInit                 0x080014fc   Section        0  comm_can.o(i.Comm_CAN_FilterNumInit)
    Comm_CAN_FilterNumInit                   0x080014fd   Thumb Code   102  comm_can.o(i.Comm_CAN_FilterNumInit)
    i.Comm_CAN_Init                          0x08001564   Section        0  comm_can.o(i.Comm_CAN_Init)
    i.Comm_CanRxData                         0x08001638   Section        0  comm.o(i.Comm_CanRxData)
    i.Comm_CanRxDataGet                      0x0800164c   Section        0  comm.o(i.Comm_CanRxDataGet)
    i.Comm_CanTxDataSend                     0x08001670   Section        0  comm.o(i.Comm_CanTxDataSend)
    i.Comm_Init                              0x080016c4   Section        0  comm.o(i.Comm_Init)
    i.Comm_Process                           0x080016e0   Section        0  comm.o(i.Comm_Process)
    i.Common_EXTI_Init                       0x080016ec   Section        0  common.o(i.Common_EXTI_Init)
    i.Common_HiByte                          0x080017c0   Section        0  common.o(i.Common_HiByte)
    i.Common_LoByte                          0x080017c6   Section        0  common.o(i.Common_LoByte)
    i.DMA_ClearFlag                          0x080017cc   Section        0  stm32f10x_dma.o(i.DMA_ClearFlag)
    i.DMA_Cmd                                0x080017e8   Section        0  stm32f10x_dma.o(i.DMA_Cmd)
    i.DMA_Configuration                      0x08001800   Section        0  dma.o(i.DMA_Configuration)
    i.DMA_DeInit                             0x08001860   Section        0  stm32f10x_dma.o(i.DMA_DeInit)
    i.DMA_GetFlagStatus                      0x080019ac   Section        0  stm32f10x_dma.o(i.DMA_GetFlagStatus)
    i.DMA_Init                               0x080019d8   Section        0  stm32f10x_dma.o(i.DMA_Init)
    i.DMA_SetCurrDataCounter                 0x08001a14   Section        0  stm32f10x_dma.o(i.DMA_SetCurrDataCounter)
    i.DebugMon_Handler                       0x08001a18   Section        0  stm32f10x_it.o(i.DebugMon_Handler)
    i.Delay_ms_SW                            0x08001a1a   Section        0  common.o(i.Delay_ms_SW)
    i.Devices_Init                           0x08001a38   Section        0  devices.o(i.Devices_Init)
    i.Devices_Init_Status                    0x08001dcc   Section        0  devices.o(i.Devices_Init_Status)
    i.EXTI0_IRQHandler                       0x08001e4c   Section        0  stm32f10x_it.o(i.EXTI0_IRQHandler)
    i.EXTI15_10_IRQHandler                   0x08001e80   Section        0  stm32f10x_it.o(i.EXTI15_10_IRQHandler)
    i.EXTI1_IRQHandler                       0x08001f14   Section        0  stm32f10x_it.o(i.EXTI1_IRQHandler)
    i.EXTI4_IRQHandler                       0x08001f28   Section        0  stm32f10x_it.o(i.EXTI4_IRQHandler)
    i.EXTI9_5_IRQHandler                     0x08001f5c   Section        0  stm32f10x_it.o(i.EXTI9_5_IRQHandler)
    i.EXTI_ClearITPendingBit                 0x08001fe4   Section        0  stm32f10x_exti.o(i.EXTI_ClearITPendingBit)
    i.EXTI_GetITStatus                       0x08001ff0   Section        0  stm32f10x_exti.o(i.EXTI_GetITStatus)
    i.EXTI_Init                              0x08002018   Section        0  stm32f10x_exti.o(i.EXTI_Init)
    i.GPIO_EXTILineConfig                    0x080020ac   Section        0  stm32f10x_gpio.o(i.GPIO_EXTILineConfig)
    i.GPIO_Init                              0x080020ec   Section        0  stm32f10x_gpio.o(i.GPIO_Init)
    i.GPIO_PinRemapConfig                    0x08002204   Section        0  stm32f10x_gpio.o(i.GPIO_PinRemapConfig)
    i.GPIO_ReadInputDataBit                  0x08002294   Section        0  stm32f10x_gpio.o(i.GPIO_ReadInputDataBit)
    i.GPIO_ResetBits                         0x080022a6   Section        0  stm32f10x_gpio.o(i.GPIO_ResetBits)
    i.GPIO_SetBits                           0x080022aa   Section        0  stm32f10x_gpio.o(i.GPIO_SetBits)
    i.Get_50Adc_DMA_10Average                0x080022ae   Section        0  adc.o(i.Get_50Adc_DMA_10Average)
    i.Get_Temp_Average                       0x08002344   Section        0  temp.o(i.Get_Temp_Average)
    i.HardFault_Handler                      0x080023e8   Section        0  stm32f10x_it.o(i.HardFault_Handler)
    i.HostComm_Cmd_Process                   0x080023ec   Section        0  hostprocess.o(i.HostComm_Cmd_Process)
    i.HostComm_Cmd_Respond_Common            0x08002494   Section        0  hostprocess.o(i.HostComm_Cmd_Respond_Common)
    HostComm_Cmd_Respond_Common              0x08002495   Thumb Code   104  hostprocess.o(i.HostComm_Cmd_Respond_Common)
    i.HostComm_Cmd_Send_RawData              0x08002500   Section        0  hostprocess.o(i.HostComm_Cmd_Send_RawData)
    i.HostComm_Config                        0x08002540   Section        0  hostcomm.o(i.HostComm_Config)
    HostComm_Config                          0x08002541   Thumb Code    70  hostcomm.o(i.HostComm_Config)
    i.HostComm_GPIO_Init                     0x0800258c   Section        0  hostcomm.o(i.HostComm_GPIO_Init)
    HostComm_GPIO_Init                       0x0800258d   Thumb Code    54  hostcomm.o(i.HostComm_GPIO_Init)
    i.HostComm_Init                          0x080025c8   Section        0  hostcomm.o(i.HostComm_Init)
    i.HostComm_NVIC_Configuration            0x080025f4   Section        0  hostcomm.o(i.HostComm_NVIC_Configuration)
    HostComm_NVIC_Configuration              0x080025f5   Thumb Code    32  hostcomm.o(i.HostComm_NVIC_Configuration)
    i.HostComm_Process                       0x08002614   Section        0  hostprocess.o(i.HostComm_Process)
    i.HostComm_SendCommand                   0x0800262c   Section        0  hostcomm.o(i.HostComm_SendCommand)
    i.HostComm_TimeOut_Init                  0x08002660   Section        0  hostcomm.o(i.HostComm_TimeOut_Init)
    HostComm_TimeOut_Init                    0x08002661   Thumb Code    86  hostcomm.o(i.HostComm_TimeOut_Init)
    i.MemManage_Handler                      0x080026b6   Section        0  stm32f10x_it.o(i.MemManage_Handler)
    i.NMI_Handler                            0x080026ba   Section        0  stm32f10x_it.o(i.NMI_Handler)
    i.NVIC_Init                              0x080026bc   Section        0  misc.o(i.NVIC_Init)
    i.NVIC_PriorityGroupConfig               0x0800272c   Section        0  misc.o(i.NVIC_PriorityGroupConfig)
    i.PIDAutoRegulation_Init                 0x08002740   Section        0  tempcontrol.o(i.PIDAutoRegulation_Init)
    i.PendSV_Handler                         0x0800278c   Section        0  stm32f10x_it.o(i.PendSV_Handler)
    i.PosSensor_Init                         0x08002790   Section        0  sensor.o(i.PosSensor_Init)
    i.Pump_Control                           0x0800283c   Section        0  devices.o(i.Pump_Control)
    i.Pump_Set                               0x0800298c   Section        0  devices.o(i.Pump_Set)
    i.RCC_ADCCLKConfig                       0x080029ac   Section        0  stm32f10x_rcc.o(i.RCC_ADCCLKConfig)
    i.RCC_AHBPeriphClockCmd                  0x080029c4   Section        0  stm32f10x_rcc.o(i.RCC_AHBPeriphClockCmd)
    i.RCC_APB1PeriphClockCmd                 0x080029e4   Section        0  stm32f10x_rcc.o(i.RCC_APB1PeriphClockCmd)
    i.RCC_APB2PeriphClockCmd                 0x08002a04   Section        0  stm32f10x_rcc.o(i.RCC_APB2PeriphClockCmd)
    i.RCC_APB2PeriphResetCmd                 0x08002a24   Section        0  stm32f10x_rcc.o(i.RCC_APB2PeriphResetCmd)
    i.RCC_GetClocksFreq                      0x08002a44   Section        0  stm32f10x_rcc.o(i.RCC_GetClocksFreq)
    i.SVC_Handler                            0x08002b18   Section        0  stm32f10x_it.o(i.SVC_Handler)
    i.Scroll_Press                           0x08002b1c   Section        0  device_action.o(i.Scroll_Press)
    i.SetSysClock                            0x08002b80   Section        0  system_stm32f10x.o(i.SetSysClock)
    SetSysClock                              0x08002b81   Thumb Code     8  system_stm32f10x.o(i.SetSysClock)
    i.SetSysClockTo72                        0x08002b88   Section        0  system_stm32f10x.o(i.SetSysClockTo72)
    SetSysClockTo72                          0x08002b89   Thumb Code   214  system_stm32f10x.o(i.SetSysClockTo72)
    i.SetpwmValue                            0x08002c68   Section        0  temp.o(i.SetpwmValue)
    i.SysTick_Handler                        0x08002c94   Section        0  stm32f10x_it.o(i.SysTick_Handler)
    i.SysTick_Init                           0x08002d34   Section        0  common.o(i.SysTick_Init)
    i.SystemInit                             0x08002d94   Section        0  system_stm32f10x.o(i.SystemInit)
    i.TIM2_IRQHandler                        0x08002df4   Section        0  hostcomm.o(i.TIM2_IRQHandler)
    i.TIM4_IRQHandler                        0x08002e14   Section        0  stm32f10x_it.o(i.TIM4_IRQHandler)
    i.TIM4_Int_Init                          0x08002e68   Section        0  timer4.o(i.TIM4_Int_Init)
    i.TIM_ClearITPendingBit                  0x08002ec8   Section        0  stm32f10x_tim.o(i.TIM_ClearITPendingBit)
    i.TIM_Cmd                                0x08002ece   Section        0  stm32f10x_tim.o(i.TIM_Cmd)
    i.TIM_CtrlPWMOutputs                     0x08002ee6   Section        0  stm32f10x_tim.o(i.TIM_CtrlPWMOutputs)
    i.TIM_GetITStatus                        0x08002f04   Section        0  stm32f10x_tim.o(i.TIM_GetITStatus)
    i.TIM_ITConfig                           0x08002f26   Section        0  stm32f10x_tim.o(i.TIM_ITConfig)
    i.TIM_OC1Init                            0x08002f38   Section        0  stm32f10x_tim.o(i.TIM_OC1Init)
    i.TIM_OC1PreloadConfig                   0x08002fd0   Section        0  stm32f10x_tim.o(i.TIM_OC1PreloadConfig)
    i.TIM_OC2Init                            0x08002fe4   Section        0  stm32f10x_tim.o(i.TIM_OC2Init)
    i.TIM_OC2PreloadConfig                   0x08003088   Section        0  stm32f10x_tim.o(i.TIM_OC2PreloadConfig)
    i.TIM_TimeBaseInit                       0x080030a4   Section        0  stm32f10x_tim.o(i.TIM_TimeBaseInit)
    i.TempControl_Init                       0x08003148   Section        0  tempcontrol.o(i.TempControl_Init)
    i.TempPwm_Init                           0x0800315c   Section        0  temp.o(i.TempPwm_Init)
    i.Temp_1_2_Pwm_Init                      0x0800316c   Section        0  temp.o(i.Temp_1_2_Pwm_Init)
    i.Temp_3_Pwm_Init                        0x0800323c   Section        0  temp.o(i.Temp_3_Pwm_Init)
    i.TimingDelay_Decrement                  0x08003310   Section        0  common.o(i.TimingDelay_Decrement)
    i.USART1_IRQHandler                      0x08003328   Section        0  hostcomm.o(i.USART1_IRQHandler)
    i.USART_ClearFlag                        0x0800342c   Section        0  stm32f10x_usart.o(i.USART_ClearFlag)
    i.USART_ClearITPendingBit                0x0800343e   Section        0  stm32f10x_usart.o(i.USART_ClearITPendingBit)
    i.USART_Cmd                              0x0800345c   Section        0  stm32f10x_usart.o(i.USART_Cmd)
    i.USART_GetFlagStatus                    0x08003474   Section        0  stm32f10x_usart.o(i.USART_GetFlagStatus)
    i.USART_GetITStatus                      0x0800348e   Section        0  stm32f10x_usart.o(i.USART_GetITStatus)
    i.USART_ITConfig                         0x080034e2   Section        0  stm32f10x_usart.o(i.USART_ITConfig)
    i.USART_Init                             0x0800352c   Section        0  stm32f10x_usart.o(i.USART_Init)
    i.USART_ReceiveData                      0x08003604   Section        0  stm32f10x_usart.o(i.USART_ReceiveData)
    i.USART_SendData                         0x0800360e   Section        0  stm32f10x_usart.o(i.USART_SendData)
    i.USB_LP_CAN1_RX0_IRQHandler             0x08003618   Section        0  comm_can.o(i.USB_LP_CAN1_RX0_IRQHandler)
    i.UsageFault_Handler                     0x08003658   Section        0  stm32f10x_it.o(i.UsageFault_Handler)
    i.Valve1_Lock_Warm                       0x0800365c   Section        0  devices.o(i.Valve1_Lock_Warm)
    i.Valve2_Lock_Push_Reagent               0x08003686   Section        0  devices.o(i.Valve2_Lock_Push_Reagent)
    i.Valve3_Lock_Press                      0x080036b0   Section        0  devices.o(i.Valve3_Lock_Press)
    i.Valve4_Lock_Scroll                     0x080036dc   Section        0  devices.o(i.Valve4_Lock_Scroll)
    i.Valve5_Lock                            0x08003706   Section        0  devices.o(i.Valve5_Lock)
    i.Valve6_Lock                            0x08003730   Section        0  devices.o(i.Valve6_Lock)
    i.Valve7_Lock                            0x0800375a   Section        0  devices.o(i.Valve7_Lock)
    i.Valve8_Lock                            0x08003784   Section        0  devices.o(i.Valve8_Lock)
    i.__scatterload_copy                     0x080037ae   Section       14  handlers.o(i.__scatterload_copy)
    i.__scatterload_null                     0x080037bc   Section        2  handlers.o(i.__scatterload_null)
    i.__scatterload_zeroinit                 0x080037be   Section       14  handlers.o(i.__scatterload_zeroinit)
    i.adc_Init                               0x080037cc   Section        0  adc.o(i.adc_Init)
    i.analog2temp_thermistor                 0x080038b0   Section        0  temp.o(i.analog2temp_thermistor)
    i.main                                   0x080039a0   Section        0  main.o(i.main)
    .constdata                               0x080039d8   Section     1680  temp.o(.constdata)
    .constdata                               0x08004068   Section       32  crc16.o(.constdata)
    .data                                    0x20000000   Section       20  stm32f10x_rcc.o(.data)
    APBAHBPrescTable                         0x20000000   Data          16  stm32f10x_rcc.o(.data)
    ADCPrescTable                            0x20000010   Data           4  stm32f10x_rcc.o(.data)
    .data                                    0x20000014   Section        8  stm32f10x_it.o(.data)
    .data                                    0x2000001c   Section       36  global_variable.o(.data)
    .data                                    0x20000040   Section        5  common.o(.data)
    TimingDelay                              0x20000040   Data           4  common.o(.data)
    .data                                    0x20000048   Section        6  dma.o(.data)
    .data                                    0x20000050   Section        8  tempcontrol.o(.data)
    .bss                                     0x20000058   Section     1636  global_variable.o(.bss)
    .bss                                     0x200006bc   Section      300  dma.o(.bss)
    .bss                                     0x200007e8   Section       56  tempcontrol.o(.bss)
    .bss                                     0x20000820   Section      289  comm_can_fifo.o(.bss)
    STACK                                    0x20000948   Section     1024  startup_stm32f10x_hd.o(STACK)

    Global Symbols

    Symbol Name                              Value     Ov Type        Size  Object(Section)

    BuildAttributes$$THM_ISAv4$P$D$K$B$S$PE$A:L22UL41UL21$X:L11$S22US41US21$IEEE1$IW$USESV6$~STKCKD$USESV7$~SHL$OTIME$ROPI$EBA8$MICROLIB$REQ8$PRES8$EABIv2 0x00000000   Number         0  anon$$obj.o ABSOLUTE
    __ARM_use_no_argv                        0x00000000   Number         0  main.o ABSOLUTE
    _printf_a                                0x00000000   Number         0  stubs.o ABSOLUTE
    _printf_c                                0x00000000   Number         0  stubs.o ABSOLUTE
    _printf_charcount                        0x00000000   Number         0  stubs.o ABSOLUTE
    _printf_d                                0x00000000   Number         0  stubs.o ABSOLUTE
    _printf_e                                0x00000000   Number         0  stubs.o ABSOLUTE
    _printf_f                                0x00000000   Number         0  stubs.o ABSOLUTE
    _printf_flags                            0x00000000   Number         0  stubs.o ABSOLUTE
    _printf_fp_dec                           0x00000000   Number         0  stubs.o ABSOLUTE
    _printf_fp_hex                           0x00000000   Number         0  stubs.o ABSOLUTE
    _printf_g                                0x00000000   Number         0  stubs.o ABSOLUTE
    _printf_i                                0x00000000   Number         0  stubs.o ABSOLUTE
    _printf_int_dec                          0x00000000   Number         0  stubs.o ABSOLUTE
    _printf_l                                0x00000000   Number         0  stubs.o ABSOLUTE
    _printf_lc                               0x00000000   Number         0  stubs.o ABSOLUTE
    _printf_ll                               0x00000000   Number         0  stubs.o ABSOLUTE
    _printf_lld                              0x00000000   Number         0  stubs.o ABSOLUTE
    _printf_lli                              0x00000000   Number         0  stubs.o ABSOLUTE
    _printf_llo                              0x00000000   Number         0  stubs.o ABSOLUTE
    _printf_llu                              0x00000000   Number         0  stubs.o ABSOLUTE
    _printf_llx                              0x00000000   Number         0  stubs.o ABSOLUTE
    _printf_longlong_dec                     0x00000000   Number         0  stubs.o ABSOLUTE
    _printf_longlong_hex                     0x00000000   Number         0  stubs.o ABSOLUTE
    _printf_longlong_oct                     0x00000000   Number         0  stubs.o ABSOLUTE
    _printf_ls                               0x00000000   Number         0  stubs.o ABSOLUTE
    _printf_mbtowc                           0x00000000   Number         0  stubs.o ABSOLUTE
    _printf_n                                0x00000000   Number         0  stubs.o ABSOLUTE
    _printf_o                                0x00000000   Number         0  stubs.o ABSOLUTE
    _printf_p                                0x00000000   Number         0  stubs.o ABSOLUTE
    _printf_percent                          0x00000000   Number         0  stubs.o ABSOLUTE
    _printf_pre_padding                      0x00000000   Number         0  stubs.o ABSOLUTE
    _printf_return_value                     0x00000000   Number         0  stubs.o ABSOLUTE
    _printf_s                                0x00000000   Number         0  stubs.o ABSOLUTE
    _printf_sizespec                         0x00000000   Number         0  stubs.o ABSOLUTE
    _printf_str                              0x00000000   Number         0  stubs.o ABSOLUTE
    _printf_truncate_signed                  0x00000000   Number         0  stubs.o ABSOLUTE
    _printf_truncate_unsigned                0x00000000   Number         0  stubs.o ABSOLUTE
    _printf_u                                0x00000000   Number         0  stubs.o ABSOLUTE
    _printf_wc                               0x00000000   Number         0  stubs.o ABSOLUTE
    _printf_wctomb                           0x00000000   Number         0  stubs.o ABSOLUTE
    _printf_widthprec                        0x00000000   Number         0  stubs.o ABSOLUTE
    _printf_x                                0x00000000   Number         0  stubs.o ABSOLUTE
    __cpp_initialize__aeabi_                  - Undefined Weak Reference
    __cxa_finalize                            - Undefined Weak Reference
    __decompress                              - Undefined Weak Reference
    _clock_init                               - Undefined Weak Reference
    _microlib_exit                            - Undefined Weak Reference
    __Vectors_Size                           0x00000130   Number         0  startup_stm32f10x_hd.o ABSOLUTE
    __Vectors                                0x08000000   Data           4  startup_stm32f10x_hd.o(RESET)
    __Vectors_End                            0x08000130   Data           0  startup_stm32f10x_hd.o(RESET)
    __main                                   0x08000131   Thumb Code     0  entry.o(.ARM.Collect$$$$00000000)
    _main_stk                                0x08000131   Thumb Code     0  entry2.o(.ARM.Collect$$$$00000001)
    _main_scatterload                        0x08000135   Thumb Code     0  entry5.o(.ARM.Collect$$$$00000004)
    __main_after_scatterload                 0x08000139   Thumb Code     0  entry5.o(.ARM.Collect$$$$00000004)
    _main_clock                              0x08000139   Thumb Code     0  entry7b.o(.ARM.Collect$$$$00000008)
    _main_cpp_init                           0x08000139   Thumb Code     0  entry8b.o(.ARM.Collect$$$$0000000A)
    _main_init                               0x08000139   Thumb Code     0  entry9a.o(.ARM.Collect$$$$0000000B)
    __rt_final_cpp                           0x08000141   Thumb Code     0  entry10a.o(.ARM.Collect$$$$0000000D)
    __rt_final_exit                          0x08000141   Thumb Code     0  entry11a.o(.ARM.Collect$$$$0000000F)
    Reset_Handler                            0x08000145   Thumb Code     8  startup_stm32f10x_hd.o(.text)
    ADC1_2_IRQHandler                        0x0800015f   Thumb Code     0  startup_stm32f10x_hd.o(.text)
    ADC3_IRQHandler                          0x0800015f   Thumb Code     0  startup_stm32f10x_hd.o(.text)
    CAN1_RX1_IRQHandler                      0x0800015f   Thumb Code     0  startup_stm32f10x_hd.o(.text)
    CAN1_SCE_IRQHandler                      0x0800015f   Thumb Code     0  startup_stm32f10x_hd.o(.text)
    DMA1_Channel1_IRQHandler                 0x0800015f   Thumb Code     0  startup_stm32f10x_hd.o(.text)
    DMA1_Channel2_IRQHandler                 0x0800015f   Thumb Code     0  startup_stm32f10x_hd.o(.text)
    DMA1_Channel3_IRQHandler                 0x0800015f   Thumb Code     0  startup_stm32f10x_hd.o(.text)
    DMA1_Channel4_IRQHandler                 0x0800015f   Thumb Code     0  startup_stm32f10x_hd.o(.text)
    DMA1_Channel5_IRQHandler                 0x0800015f   Thumb Code     0  startup_stm32f10x_hd.o(.text)
    DMA1_Channel6_IRQHandler                 0x0800015f   Thumb Code     0  startup_stm32f10x_hd.o(.text)
    DMA1_Channel7_IRQHandler                 0x0800015f   Thumb Code     0  startup_stm32f10x_hd.o(.text)
    DMA2_Channel1_IRQHandler                 0x0800015f   Thumb Code     0  startup_stm32f10x_hd.o(.text)
    DMA2_Channel2_IRQHandler                 0x0800015f   Thumb Code     0  startup_stm32f10x_hd.o(.text)
    DMA2_Channel3_IRQHandler                 0x0800015f   Thumb Code     0  startup_stm32f10x_hd.o(.text)
    DMA2_Channel4_5_IRQHandler               0x0800015f   Thumb Code     0  startup_stm32f10x_hd.o(.text)
    EXTI2_IRQHandler                         0x0800015f   Thumb Code     0  startup_stm32f10x_hd.o(.text)
    EXTI3_IRQHandler                         0x0800015f   Thumb Code     0  startup_stm32f10x_hd.o(.text)
    FLASH_IRQHandler                         0x0800015f   Thumb Code     0  startup_stm32f10x_hd.o(.text)
    FSMC_IRQHandler                          0x0800015f   Thumb Code     0  startup_stm32f10x_hd.o(.text)
    I2C1_ER_IRQHandler                       0x0800015f   Thumb Code     0  startup_stm32f10x_hd.o(.text)
    I2C1_EV_IRQHandler                       0x0800015f   Thumb Code     0  startup_stm32f10x_hd.o(.text)
    I2C2_ER_IRQHandler                       0x0800015f   Thumb Code     0  startup_stm32f10x_hd.o(.text)
    I2C2_EV_IRQHandler                       0x0800015f   Thumb Code     0  startup_stm32f10x_hd.o(.text)
    PVD_IRQHandler                           0x0800015f   Thumb Code     0  startup_stm32f10x_hd.o(.text)
    RCC_IRQHandler                           0x0800015f   Thumb Code     0  startup_stm32f10x_hd.o(.text)
    RTCAlarm_IRQHandler                      0x0800015f   Thumb Code     0  startup_stm32f10x_hd.o(.text)
    RTC_IRQHandler                           0x0800015f   Thumb Code     0  startup_stm32f10x_hd.o(.text)
    SDIO_IRQHandler                          0x0800015f   Thumb Code     0  startup_stm32f10x_hd.o(.text)
    SPI1_IRQHandler                          0x0800015f   Thumb Code     0  startup_stm32f10x_hd.o(.text)
    SPI2_IRQHandler                          0x0800015f   Thumb Code     0  startup_stm32f10x_hd.o(.text)
    SPI3_IRQHandler                          0x0800015f   Thumb Code     0  startup_stm32f10x_hd.o(.text)
    TAMPER_IRQHandler                        0x0800015f   Thumb Code     0  startup_stm32f10x_hd.o(.text)
    TIM1_BRK_IRQHandler                      0x0800015f   Thumb Code     0  startup_stm32f10x_hd.o(.text)
    TIM1_CC_IRQHandler                       0x0800015f   Thumb Code     0  startup_stm32f10x_hd.o(.text)
    TIM1_TRG_COM_IRQHandler                  0x0800015f   Thumb Code     0  startup_stm32f10x_hd.o(.text)
    TIM1_UP_IRQHandler                       0x0800015f   Thumb Code     0  startup_stm32f10x_hd.o(.text)
    TIM3_IRQHandler                          0x0800015f   Thumb Code     0  startup_stm32f10x_hd.o(.text)
    TIM5_IRQHandler                          0x0800015f   Thumb Code     0  startup_stm32f10x_hd.o(.text)
    TIM6_IRQHandler                          0x0800015f   Thumb Code     0  startup_stm32f10x_hd.o(.text)
    TIM7_IRQHandler                          0x0800015f   Thumb Code     0  startup_stm32f10x_hd.o(.text)
    TIM8_BRK_IRQHandler                      0x0800015f   Thumb Code     0  startup_stm32f10x_hd.o(.text)
    TIM8_CC_IRQHandler                       0x0800015f   Thumb Code     0  startup_stm32f10x_hd.o(.text)
    TIM8_TRG_COM_IRQHandler                  0x0800015f   Thumb Code     0  startup_stm32f10x_hd.o(.text)
    TIM8_UP_IRQHandler                       0x0800015f   Thumb Code     0  startup_stm32f10x_hd.o(.text)
    UART4_IRQHandler                         0x0800015f   Thumb Code     0  startup_stm32f10x_hd.o(.text)
    UART5_IRQHandler                         0x0800015f   Thumb Code     0  startup_stm32f10x_hd.o(.text)
    USART2_IRQHandler                        0x0800015f   Thumb Code     0  startup_stm32f10x_hd.o(.text)
    USART3_IRQHandler                        0x0800015f   Thumb Code     0  startup_stm32f10x_hd.o(.text)
    USBWakeUp_IRQHandler                     0x0800015f   Thumb Code     0  startup_stm32f10x_hd.o(.text)
    USB_HP_CAN1_TX_IRQHandler                0x0800015f   Thumb Code     0  startup_stm32f10x_hd.o(.text)
    WWDG_IRQHandler                          0x0800015f   Thumb Code     0  startup_stm32f10x_hd.o(.text)
    __aeabi_memcpy                           0x08000169   Thumb Code    36  memcpya.o(.text)
    __aeabi_memcpy4                          0x08000169   Thumb Code     0  memcpya.o(.text)
    __aeabi_memcpy8                          0x08000169   Thumb Code     0  memcpya.o(.text)
    __aeabi_memset                           0x0800018d   Thumb Code    14  memseta.o(.text)
    __aeabi_memset4                          0x0800018d   Thumb Code     0  memseta.o(.text)
    __aeabi_memset8                          0x0800018d   Thumb Code     0  memseta.o(.text)
    __aeabi_memclr                           0x0800019b   Thumb Code     4  memseta.o(.text)
    __aeabi_memclr4                          0x0800019b   Thumb Code     0  memseta.o(.text)
    __aeabi_memclr8                          0x0800019b   Thumb Code     0  memseta.o(.text)
    _memset$wrapper                          0x0800019f   Thumb Code    18  memseta.o(.text)
    __aeabi_fadd                             0x080001b1   Thumb Code   164  fadd.o(.text)
    __aeabi_fsub                             0x08000255   Thumb Code     6  fadd.o(.text)
    __aeabi_frsub                            0x0800025b   Thumb Code     6  fadd.o(.text)
    __aeabi_fmul                             0x08000261   Thumb Code   100  fmul.o(.text)
    __aeabi_fdiv                             0x080002c5   Thumb Code   124  fdiv.o(.text)
    __aeabi_dadd                             0x08000341   Thumb Code   322  dadd.o(.text)
    __aeabi_dsub                             0x08000483   Thumb Code     6  dadd.o(.text)
    __aeabi_drsub                            0x08000489   Thumb Code     6  dadd.o(.text)
    __aeabi_dmul                             0x0800048f   Thumb Code   228  dmul.o(.text)
    __aeabi_ddiv                             0x08000573   Thumb Code   222  ddiv.o(.text)
    __aeabi_i2f                              0x08000651   Thumb Code    18  fflti.o(.text)
    __aeabi_ui2f                             0x08000663   Thumb Code    10  ffltui.o(.text)
    __aeabi_f2iz                             0x0800066d   Thumb Code    50  ffixi.o(.text)
    __aeabi_f2d                              0x0800069f   Thumb Code    38  f2d.o(.text)
    __aeabi_d2f                              0x080006c5   Thumb Code    56  d2f.o(.text)
    __aeabi_cfcmpeq                          0x080006fd   Thumb Code     0  cfcmple.o(.text)
    __aeabi_cfcmple                          0x080006fd   Thumb Code    20  cfcmple.o(.text)
    __aeabi_llsl                             0x08000711   Thumb Code    30  llshl.o(.text)
    _ll_shift_l                              0x08000711   Thumb Code     0  llshl.o(.text)
    __aeabi_llsr                             0x0800072f   Thumb Code    32  llushr.o(.text)
    _ll_ushift_r                             0x0800072f   Thumb Code     0  llushr.o(.text)
    __aeabi_lasr                             0x0800074f   Thumb Code    36  llsshr.o(.text)
    _ll_sshift_r                             0x0800074f   Thumb Code     0  llsshr.o(.text)
    __I$use$fp                               0x08000773   Thumb Code     0  iusefp.o(.text)
    _float_round                             0x08000773   Thumb Code    18  fepilogue.o(.text)
    _float_epilogue                          0x08000785   Thumb Code    92  fepilogue.o(.text)
    _double_round                            0x080007e1   Thumb Code    30  depilogue.o(.text)
    _double_epilogue                         0x080007ff   Thumb Code   156  depilogue.o(.text)
    __scatterload                            0x0800089d   Thumb Code    28  init.o(.text)
    __scatterload_rt2                        0x0800089d   Thumb Code     0  init.o(.text)
    ADC_Cmd                                  0x080008c1   Thumb Code    22  stm32f10x_adc.o(i.ADC_Cmd)
    ADC_DMACmd                               0x080008d7   Thumb Code    22  stm32f10x_adc.o(i.ADC_DMACmd)
    ADC_DMA_Init                             0x080008ed   Thumb Code    40  dma.o(i.ADC_DMA_Init)
    ADC_DMA_StartConversion_1_times          0x08000921   Thumb Code    72  dma.o(i.ADC_DMA_StartConversion_1_times)
    ADC_DeInit                               0x08000975   Thumb Code    78  stm32f10x_adc.o(i.ADC_DeInit)
    ADC_GetCalibrationStatus                 0x080009d1   Thumb Code    20  stm32f10x_adc.o(i.ADC_GetCalibrationStatus)
    ADC_GetResetCalibrationStatus            0x080009e5   Thumb Code    20  stm32f10x_adc.o(i.ADC_GetResetCalibrationStatus)
    ADC_Init                                 0x080009f9   Thumb Code    70  stm32f10x_adc.o(i.ADC_Init)
    ADC_RegularChannelConfig                 0x08000a49   Thumb Code   184  stm32f10x_adc.o(i.ADC_RegularChannelConfig)
    ADC_ResetCalibration                     0x08000b01   Thumb Code    10  stm32f10x_adc.o(i.ADC_ResetCalibration)
    ADC_SoftwareStartConvCmd                 0x08000b0b   Thumb Code    22  stm32f10x_adc.o(i.ADC_SoftwareStartConvCmd)
    ADC_StartCalibration                     0x08000b21   Thumb Code    10  stm32f10x_adc.o(i.ADC_StartCalibration)
    Apparatus_Action                         0x08000b2d   Thumb Code    26  device_action.o(i.Apparatus_Action)
    Apparatus_Devices                        0x08000b51   Thumb Code   156  device_action.o(i.Apparatus_Devices)
    BusFault_Handler                         0x08000c0d   Thumb Code     4  stm32f10x_it.o(i.BusFault_Handler)
    CAN_ClearITPendingBit                    0x08000c11   Thumb Code   162  stm32f10x_can.o(i.CAN_ClearITPendingBit)
    CAN_FilterInit                           0x08000cb9   Thumb Code   258  stm32f10x_can.o(i.CAN_FilterInit)
    CAN_GetITStatus                          0x08000dc1   Thumb Code   284  stm32f10x_can.o(i.CAN_GetITStatus)
    CAN_ITConfig                             0x08000ee1   Thumb Code    18  stm32f10x_can.o(i.CAN_ITConfig)
    CAN_Init                                 0x08000ef3   Thumb Code   276  stm32f10x_can.o(i.CAN_Init)
    CAN_Receive                              0x08001007   Thumb Code   240  stm32f10x_can.o(i.CAN_Receive)
    CAN_Transmit                             0x080010f7   Thumb Code   294  stm32f10x_can.o(i.CAN_Transmit)
    CAN_TransmitStatus                       0x0800121d   Thumb Code   138  stm32f10x_can.o(i.CAN_TransmitStatus)
    CRC16_Calculate                          0x080012bd   Thumb Code    54  crc16.o(i.CRC16_Calculate)
    ClearAllpwmValue                         0x08001327   Thumb Code    28  temp.o(i.ClearAllpwmValue)
    Comm_CAN_FIFO_Init                       0x08001343   Thumb Code    54  comm_can_fifo.o(i.Comm_CAN_FIFO_Init)
    Comm_CAN_FIFO_RxDataGet                  0x08001379   Thumb Code    90  comm_can_fifo.o(i.Comm_CAN_FIFO_RxDataGet)
    Comm_CAN_FIFO_RxDataPut                  0x080013d3   Thumb Code   122  comm_can_fifo.o(i.Comm_CAN_FIFO_RxDataPut)
    Comm_CAN_FIFO_TxDataGet                  0x0800144d   Thumb Code   112  comm_can_fifo.o(i.Comm_CAN_FIFO_TxDataGet)
    Comm_CAN_Init                            0x08001565   Thumb Code   202  comm_can.o(i.Comm_CAN_Init)
    Comm_CanRxData                           0x08001639   Thumb Code    20  comm.o(i.Comm_CanRxData)
    Comm_CanRxDataGet                        0x0800164d   Thumb Code    32  comm.o(i.Comm_CanRxDataGet)
    Comm_CanTxDataSend                       0x08001671   Thumb Code    76  comm.o(i.Comm_CanTxDataSend)
    Comm_Init                                0x080016c5   Thumb Code    20  comm.o(i.Comm_Init)
    Comm_Process                             0x080016e1   Thumb Code    12  comm.o(i.Comm_Process)
    Common_EXTI_Init                         0x080016ed   Thumb Code   192  common.o(i.Common_EXTI_Init)
    Common_HiByte                            0x080017c1   Thumb Code     6  common.o(i.Common_HiByte)
    Common_LoByte                            0x080017c7   Thumb Code     6  common.o(i.Common_LoByte)
    DMA_ClearFlag                            0x080017cd   Thumb Code    18  stm32f10x_dma.o(i.DMA_ClearFlag)
    DMA_Cmd                                  0x080017e9   Thumb Code    24  stm32f10x_dma.o(i.DMA_Cmd)
    DMA_Configuration                        0x08001801   Thumb Code    90  dma.o(i.DMA_Configuration)
    DMA_DeInit                               0x08001861   Thumb Code   324  stm32f10x_dma.o(i.DMA_DeInit)
    DMA_GetFlagStatus                        0x080019ad   Thumb Code    36  stm32f10x_dma.o(i.DMA_GetFlagStatus)
    DMA_Init                                 0x080019d9   Thumb Code    60  stm32f10x_dma.o(i.DMA_Init)
    DMA_SetCurrDataCounter                   0x08001a15   Thumb Code     4  stm32f10x_dma.o(i.DMA_SetCurrDataCounter)
    DebugMon_Handler                         0x08001a19   Thumb Code     2  stm32f10x_it.o(i.DebugMon_Handler)
    Delay_ms_SW                              0x08001a1b   Thumb Code    30  common.o(i.Delay_ms_SW)
    Devices_Init                             0x08001a39   Thumb Code   898  devices.o(i.Devices_Init)
    Devices_Init_Status                      0x08001dcd   Thumb Code   106  devices.o(i.Devices_Init_Status)
    EXTI0_IRQHandler                         0x08001e4d   Thumb Code    44  stm32f10x_it.o(i.EXTI0_IRQHandler)
    EXTI15_10_IRQHandler                     0x08001e81   Thumb Code   140  stm32f10x_it.o(i.EXTI15_10_IRQHandler)
    EXTI1_IRQHandler                         0x08001f15   Thumb Code    18  stm32f10x_it.o(i.EXTI1_IRQHandler)
    EXTI4_IRQHandler                         0x08001f29   Thumb Code    44  stm32f10x_it.o(i.EXTI4_IRQHandler)
    EXTI9_5_IRQHandler                       0x08001f5d   Thumb Code   122  stm32f10x_it.o(i.EXTI9_5_IRQHandler)
    EXTI_ClearITPendingBit                   0x08001fe5   Thumb Code     6  stm32f10x_exti.o(i.EXTI_ClearITPendingBit)
    EXTI_GetITStatus                         0x08001ff1   Thumb Code    34  stm32f10x_exti.o(i.EXTI_GetITStatus)
    EXTI_Init                                0x08002019   Thumb Code   142  stm32f10x_exti.o(i.EXTI_Init)
    GPIO_EXTILineConfig                      0x080020ad   Thumb Code    60  stm32f10x_gpio.o(i.GPIO_EXTILineConfig)
    GPIO_Init                                0x080020ed   Thumb Code   278  stm32f10x_gpio.o(i.GPIO_Init)
    GPIO_PinRemapConfig                      0x08002205   Thumb Code   138  stm32f10x_gpio.o(i.GPIO_PinRemapConfig)
    GPIO_ReadInputDataBit                    0x08002295   Thumb Code    18  stm32f10x_gpio.o(i.GPIO_ReadInputDataBit)
    GPIO_ResetBits                           0x080022a7   Thumb Code     4  stm32f10x_gpio.o(i.GPIO_ResetBits)
    GPIO_SetBits                             0x080022ab   Thumb Code     4  stm32f10x_gpio.o(i.GPIO_SetBits)
    Get_50Adc_DMA_10Average                  0x080022af   Thumb Code   150  adc.o(i.Get_50Adc_DMA_10Average)
    Get_Temp_Average                         0x08002345   Thumb Code   152  temp.o(i.Get_Temp_Average)
    HardFault_Handler                        0x080023e9   Thumb Code     4  stm32f10x_it.o(i.HardFault_Handler)
    HostComm_Cmd_Process                     0x080023ed   Thumb Code   140  hostprocess.o(i.HostComm_Cmd_Process)
    HostComm_Cmd_Send_RawData                0x08002501   Thumb Code    58  hostprocess.o(i.HostComm_Cmd_Send_RawData)
    HostComm_Init                            0x080025c9   Thumb Code    44  hostcomm.o(i.HostComm_Init)
    HostComm_Process                         0x08002615   Thumb Code    20  hostprocess.o(i.HostComm_Process)
    HostComm_SendCommand                     0x0800262d   Thumb Code    48  hostcomm.o(i.HostComm_SendCommand)
    MemManage_Handler                        0x080026b7   Thumb Code     4  stm32f10x_it.o(i.MemManage_Handler)
    NMI_Handler                              0x080026bb   Thumb Code     2  stm32f10x_it.o(i.NMI_Handler)
    NVIC_Init                                0x080026bd   Thumb Code   100  misc.o(i.NVIC_Init)
    NVIC_PriorityGroupConfig                 0x0800272d   Thumb Code    10  misc.o(i.NVIC_PriorityGroupConfig)
    PIDAutoRegulation_Init                   0x08002741   Thumb Code    54  tempcontrol.o(i.PIDAutoRegulation_Init)
    PendSV_Handler                           0x0800278d   Thumb Code     2  stm32f10x_it.o(i.PendSV_Handler)
    PosSensor_Init                           0x08002791   Thumb Code   158  sensor.o(i.PosSensor_Init)
    Pump_Control                             0x0800283d   Thumb Code   320  devices.o(i.Pump_Control)
    Pump_Set                                 0x0800298d   Thumb Code    32  devices.o(i.Pump_Set)
    RCC_ADCCLKConfig                         0x080029ad   Thumb Code    18  stm32f10x_rcc.o(i.RCC_ADCCLKConfig)
    RCC_AHBPeriphClockCmd                    0x080029c5   Thumb Code    26  stm32f10x_rcc.o(i.RCC_AHBPeriphClockCmd)
    RCC_APB1PeriphClockCmd                   0x080029e5   Thumb Code    26  stm32f10x_rcc.o(i.RCC_APB1PeriphClockCmd)
    RCC_APB2PeriphClockCmd                   0x08002a05   Thumb Code    26  stm32f10x_rcc.o(i.RCC_APB2PeriphClockCmd)
    RCC_APB2PeriphResetCmd                   0x08002a25   Thumb Code    26  stm32f10x_rcc.o(i.RCC_APB2PeriphResetCmd)
    RCC_GetClocksFreq                        0x08002a45   Thumb Code   192  stm32f10x_rcc.o(i.RCC_GetClocksFreq)
    SVC_Handler                              0x08002b19   Thumb Code     2  stm32f10x_it.o(i.SVC_Handler)
    Scroll_Press                             0x08002b1d   Thumb Code    80  device_action.o(i.Scroll_Press)
    SetpwmValue                              0x08002c69   Thumb Code    40  temp.o(i.SetpwmValue)
    SysTick_Handler                          0x08002c95   Thumb Code   124  stm32f10x_it.o(i.SysTick_Handler)
    SysTick_Init                             0x08002d35   Thumb Code    82  common.o(i.SysTick_Init)
    SystemInit                               0x08002d95   Thumb Code    78  system_stm32f10x.o(i.SystemInit)
    TIM2_IRQHandler                          0x08002df5   Thumb Code    32  hostcomm.o(i.TIM2_IRQHandler)
    TIM4_IRQHandler                          0x08002e15   Thumb Code    66  stm32f10x_it.o(i.TIM4_IRQHandler)
    TIM4_Int_Init                            0x08002e69   Thumb Code    90  timer4.o(i.TIM4_Int_Init)
    TIM_ClearITPendingBit                    0x08002ec9   Thumb Code     6  stm32f10x_tim.o(i.TIM_ClearITPendingBit)
    TIM_Cmd                                  0x08002ecf   Thumb Code    24  stm32f10x_tim.o(i.TIM_Cmd)
    TIM_CtrlPWMOutputs                       0x08002ee7   Thumb Code    30  stm32f10x_tim.o(i.TIM_CtrlPWMOutputs)
    TIM_GetITStatus                          0x08002f05   Thumb Code    34  stm32f10x_tim.o(i.TIM_GetITStatus)
    TIM_ITConfig                             0x08002f27   Thumb Code    18  stm32f10x_tim.o(i.TIM_ITConfig)
    TIM_OC1Init                              0x08002f39   Thumb Code   132  stm32f10x_tim.o(i.TIM_OC1Init)
    TIM_OC1PreloadConfig                     0x08002fd1   Thumb Code    18  stm32f10x_tim.o(i.TIM_OC1PreloadConfig)
    TIM_OC2Init                              0x08002fe5   Thumb Code   154  stm32f10x_tim.o(i.TIM_OC2Init)
    TIM_OC2PreloadConfig                     0x08003089   Thumb Code    26  stm32f10x_tim.o(i.TIM_OC2PreloadConfig)
    TIM_TimeBaseInit                         0x080030a5   Thumb Code   122  stm32f10x_tim.o(i.TIM_TimeBaseInit)
    TempControl_Init                         0x08003149   Thumb Code    20  tempcontrol.o(i.TempControl_Init)
    TempPwm_Init                             0x0800315d   Thumb Code    16  temp.o(i.TempPwm_Init)
    Temp_1_2_Pwm_Init                        0x0800316d   Thumb Code   196  temp.o(i.Temp_1_2_Pwm_Init)
    Temp_3_Pwm_Init                          0x0800323d   Thumb Code   194  temp.o(i.Temp_3_Pwm_Init)
    TimingDelay_Decrement                    0x08003311   Thumb Code    18  common.o(i.TimingDelay_Decrement)
    USART1_IRQHandler                        0x08003329   Thumb Code   226  hostcomm.o(i.USART1_IRQHandler)
    USART_ClearFlag                          0x0800342d   Thumb Code    18  stm32f10x_usart.o(i.USART_ClearFlag)
    USART_ClearITPendingBit                  0x0800343f   Thumb Code    30  stm32f10x_usart.o(i.USART_ClearITPendingBit)
    USART_Cmd                                0x0800345d   Thumb Code    24  stm32f10x_usart.o(i.USART_Cmd)
    USART_GetFlagStatus                      0x08003475   Thumb Code    26  stm32f10x_usart.o(i.USART_GetFlagStatus)
    USART_GetITStatus                        0x0800348f   Thumb Code    84  stm32f10x_usart.o(i.USART_GetITStatus)
    USART_ITConfig                           0x080034e3   Thumb Code    74  stm32f10x_usart.o(i.USART_ITConfig)
    USART_Init                               0x0800352d   Thumb Code   210  stm32f10x_usart.o(i.USART_Init)
    USART_ReceiveData                        0x08003605   Thumb Code    10  stm32f10x_usart.o(i.USART_ReceiveData)
    USART_SendData                           0x0800360f   Thumb Code     8  stm32f10x_usart.o(i.USART_SendData)
    USB_LP_CAN1_RX0_IRQHandler               0x08003619   Thumb Code    56  comm_can.o(i.USB_LP_CAN1_RX0_IRQHandler)
    UsageFault_Handler                       0x08003659   Thumb Code     4  stm32f10x_it.o(i.UsageFault_Handler)
    Valve1_Lock_Warm                         0x0800365d   Thumb Code    42  devices.o(i.Valve1_Lock_Warm)
    Valve2_Lock_Push_Reagent                 0x08003687   Thumb Code    42  devices.o(i.Valve2_Lock_Push_Reagent)
    Valve3_Lock_Press                        0x080036b1   Thumb Code    44  devices.o(i.Valve3_Lock_Press)
    Valve4_Lock_Scroll                       0x080036dd   Thumb Code    42  devices.o(i.Valve4_Lock_Scroll)
    Valve5_Lock                              0x08003707   Thumb Code    42  devices.o(i.Valve5_Lock)
    Valve6_Lock                              0x08003731   Thumb Code    42  devices.o(i.Valve6_Lock)
    Valve7_Lock                              0x0800375b   Thumb Code    42  devices.o(i.Valve7_Lock)
    Valve8_Lock                              0x08003785   Thumb Code    42  devices.o(i.Valve8_Lock)
    __scatterload_copy                       0x080037af   Thumb Code    14  handlers.o(i.__scatterload_copy)
    __scatterload_null                       0x080037bd   Thumb Code     2  handlers.o(i.__scatterload_null)
    __scatterload_zeroinit                   0x080037bf   Thumb Code    14  handlers.o(i.__scatterload_zeroinit)
    adc_Init                                 0x080037cd   Thumb Code   218  adc.o(i.adc_Init)
    analog2temp_thermistor                   0x080038b1   Thumb Code   212  temp.o(i.analog2temp_thermistor)
    main                                     0x080039a1   Thumb Code    56  main.o(i.main)
    temptable                                0x080039d8   Data        1680  temp.o(.constdata)
    crcTable                                 0x08004068   Data          32  crc16.o(.constdata)
    Region$$Table$$Base                      0x08004088   Number         0  anon$$obj.o(Region$$Table)
    Region$$Table$$Limit                     0x080040a8   Number         0  anon$$obj.o(Region$$Table)
    Display_second                           0x20000014   Data           2  stm32f10x_it.o(.data)
    Apparatus_Second                         0x20000016   Data           2  stm32f10x_it.o(.data)
    Time_Millisecond                         0x20000018   Data           2  stm32f10x_it.o(.data)
    Touch_Interval_Millisecond               0x2000001a   Data           2  stm32f10x_it.o(.data)
    cmdType                                  0x2000001c   Data           1  global_variable.o(.data)
    cmdCode                                  0x2000001d   Data           1  global_variable.o(.data)
    contReceive                              0x2000001e   Data           1  global_variable.o(.data)
    HostComm_RecBufAvailable                 0x2000001f   Data           1  global_variable.o(.data)
    HostComm_RecBufSize                      0x20000020   Data           2  global_variable.o(.data)
    cmdLength                                0x20000022   Data           2  global_variable.o(.data)
    respLength                               0x20000024   Data           2  global_variable.o(.data)
    recCount                                 0x20000026   Data           2  global_variable.o(.data)
    Start_Apparatus                          0x20000028   Data           1  global_variable.o(.data)
    Scroll_Times_L100                        0x20000029   Data           1  global_variable.o(.data)
    Push_Rreagent_L100                       0x2000002a   Data           1  global_variable.o(.data)
    Pump_Press                               0x2000002b   Data           1  global_variable.o(.data)
    Scroll_Press_Closed                      0x2000002c   Data           1  global_variable.o(.data)
    Scroll_Press_Times                       0x2000002d   Data           1  global_variable.o(.data)
    Apparatus_Achieve                        0x2000002e   Data           1  global_variable.o(.data)
    Scroll_Press_Open                        0x2000002f   Data           1  global_variable.o(.data)
    Push_Rreagent                            0x20000030   Data           1  global_variable.o(.data)
    Scroll_Times                             0x20000031   Data           1  global_variable.o(.data)
    Get_Warm_Flag                            0x20000032   Data           1  global_variable.o(.data)
    Warm_Time                                0x20000034   Data           2  global_variable.o(.data)
    Control_Temperature                      0x20000036   Data           2  global_variable.o(.data)
    Touch_Action                             0x20000038   Data           2  global_variable.o(.data)
    Temper_HOT1                              0x2000003c   Data           4  global_variable.o(.data)
    SystemMode_Status                        0x20000044   Data           1  common.o(.data)
    Send_USART_Buffer                        0x20000048   Data           4  dma.o(.data)
    DMA1_MEM_LEN                             0x2000004c   Data           2  dma.o(.data)
    millis                                   0x20000050   Data           4  tempcontrol.o(.data)
    tempTime                                 0x20000054   Data           4  tempcontrol.o(.data)
    recBuffer                                0x20000058   Data         512  global_variable.o(.bss)
    cmdBuffer                                0x20000258   Data         512  global_variable.o(.bss)
    respBuffer                               0x20000458   Data         512  global_variable.o(.bss)
    Buffer                                   0x20000658   Data         100  global_variable.o(.bss)
    Receive_ADC_Buffer                       0x200006bc   Data         300  dma.o(.bss)
    pid                                      0x200007e8   Data          56  tempcontrol.o(.bss)
    RxDataFIFO                               0x20000820   Data         117  comm_can_fifo.o(.bss)
    TxDataFIFO                               0x20000895   Data         117  comm_can_fifo.o(.bss)
    RxMultiDataBuffer                        0x2000090a   Data          55  comm_can_fifo.o(.bss)
    __initial_sp                             0x20000d48   Data           0  startup_stm32f10x_hd.o(STACK)



==============================================================================

Memory Map of the image

  Image Entry point : 0x08000131

  Load Region LR_IROM1 (Base: 0x08000000, Size: 0x00004100, Max: 0x00080000, ABSOLUTE)

    Execution Region ER_IROM1 (Base: 0x08000000, Size: 0x000040a8, Max: 0x00080000, ABSOLUTE)

    Base Addr    Size         Type   Attr      Idx    E Section Name        Object

    0x08000000   0x00000130   Data   RO           19    RESET               startup_stm32f10x_hd.o
    0x08000130   0x00000000   Code   RO         3143  * .ARM.Collect$$$$00000000  mc_w.l(entry.o)
    0x08000130   0x00000004   Code   RO         3445    .ARM.Collect$$$$00000001  mc_w.l(entry2.o)
    0x08000134   0x00000004   Code   RO         3448    .ARM.Collect$$$$00000004  mc_w.l(entry5.o)
    0x08000138   0x00000000   Code   RO         3450    .ARM.Collect$$$$00000008  mc_w.l(entry7b.o)
    0x08000138   0x00000000   Code   RO         3452    .ARM.Collect$$$$0000000A  mc_w.l(entry8b.o)
    0x08000138   0x00000008   Code   RO         3453    .ARM.Collect$$$$0000000B  mc_w.l(entry9a.o)
    0x08000140   0x00000000   Code   RO         3455    .ARM.Collect$$$$0000000D  mc_w.l(entry10a.o)
    0x08000140   0x00000000   Code   RO         3457    .ARM.Collect$$$$0000000F  mc_w.l(entry11a.o)
    0x08000140   0x00000004   Code   RO         3446    .ARM.Collect$$$$00002712  mc_w.l(entry2.o)
    0x08000144   0x00000024   Code   RO           20    .text               startup_stm32f10x_hd.o
    0x08000168   0x00000024   Code   RO         3146    .text               mc_w.l(memcpya.o)
    0x0800018c   0x00000024   Code   RO         3148    .text               mc_w.l(memseta.o)
    0x080001b0   0x000000b0   Code   RO         3413    .text               mf_w.l(fadd.o)
    0x08000260   0x00000064   Code   RO         3415    .text               mf_w.l(fmul.o)
    0x080002c4   0x0000007c   Code   RO         3417    .text               mf_w.l(fdiv.o)
    0x08000340   0x0000014e   Code   RO         3419    .text               mf_w.l(dadd.o)
    0x0800048e   0x000000e4   Code   RO         3421    .text               mf_w.l(dmul.o)
    0x08000572   0x000000de   Code   RO         3423    .text               mf_w.l(ddiv.o)
    0x08000650   0x00000012   Code   RO         3425    .text               mf_w.l(fflti.o)
    0x08000662   0x0000000a   Code   RO         3427    .text               mf_w.l(ffltui.o)
    0x0800066c   0x00000032   Code   RO         3429    .text               mf_w.l(ffixi.o)
    0x0800069e   0x00000026   Code   RO         3435    .text               mf_w.l(f2d.o)
    0x080006c4   0x00000038   Code   RO         3439    .text               mf_w.l(d2f.o)
    0x080006fc   0x00000014   Code   RO         3441    .text               mf_w.l(cfcmple.o)
    0x08000710   0x0000001e   Code   RO         3464    .text               mc_w.l(llshl.o)
    0x0800072e   0x00000020   Code   RO         3466    .text               mc_w.l(llushr.o)
    0x0800074e   0x00000024   Code   RO         3468    .text               mc_w.l(llsshr.o)
    0x08000772   0x00000000   Code   RO         3470    .text               mc_w.l(iusefp.o)
    0x08000772   0x0000006e   Code   RO         3471    .text               mf_w.l(fepilogue.o)
    0x080007e0   0x000000ba   Code   RO         3473    .text               mf_w.l(depilogue.o)
    0x0800089a   0x00000002   PAD
    0x0800089c   0x00000024   Code   RO         3479    .text               mc_w.l(init.o)
    0x080008c0   0x00000016   Code   RO          152    i.ADC_Cmd           stm32f10x_adc.o
    0x080008d6   0x00000016   Code   RO          153    i.ADC_DMACmd        stm32f10x_adc.o
    0x080008ec   0x00000034   Code   RO         2474    i.ADC_DMA_Init      dma.o
    0x08000920   0x00000054   Code   RO         2475    i.ADC_DMA_StartConversion_1_times  dma.o
    0x08000974   0x0000005c   Code   RO          154    i.ADC_DeInit        stm32f10x_adc.o
    0x080009d0   0x00000014   Code   RO          160    i.ADC_GetCalibrationStatus  stm32f10x_adc.o
    0x080009e4   0x00000014   Code   RO          166    i.ADC_GetResetCalibrationStatus  stm32f10x_adc.o
    0x080009f8   0x00000050   Code   RO          170    i.ADC_Init          stm32f10x_adc.o
    0x08000a48   0x000000b8   Code   RO          174    i.ADC_RegularChannelConfig  stm32f10x_adc.o
    0x08000b00   0x0000000a   Code   RO          175    i.ADC_ResetCalibration  stm32f10x_adc.o
    0x08000b0a   0x00000016   Code   RO          177    i.ADC_SoftwareStartConvCmd  stm32f10x_adc.o
    0x08000b20   0x0000000a   Code   RO          179    i.ADC_StartCalibration  stm32f10x_adc.o
    0x08000b2a   0x00000002   PAD
    0x08000b2c   0x00000024   Code   RO         3101    i.Apparatus_Action  device_action.o
    0x08000b50   0x000000bc   Code   RO         3102    i.Apparatus_Devices  device_action.o
    0x08000c0c   0x00000004   Code   RO         2045    i.BusFault_Handler  stm32f10x_it.o
    0x08000c10   0x000000a8   Code   RO         1892    i.CAN_ClearITPendingBit  stm32f10x_can.o
    0x08000cb8   0x00000108   Code   RO         1896    i.CAN_FilterInit    stm32f10x_can.o
    0x08000dc0   0x00000120   Code   RO         1898    i.CAN_GetITStatus   stm32f10x_can.o
    0x08000ee0   0x00000012   Code   RO         1902    i.CAN_ITConfig      stm32f10x_can.o
    0x08000ef2   0x00000114   Code   RO         1903    i.CAN_Init          stm32f10x_can.o
    0x08001006   0x000000f0   Code   RO         1906    i.CAN_Receive       stm32f10x_can.o
    0x080010f6   0x00000126   Code   RO         1911    i.CAN_Transmit      stm32f10x_can.o
    0x0800121c   0x000000a0   Code   RO         1912    i.CAN_TransmitStatus  stm32f10x_can.o
    0x080012bc   0x00000036   Code   RO         2795    i.CRC16_Calculate   crc16.o
    0x080012f2   0x00000002   PAD
    0x080012f4   0x00000020   Code   RO         2796    i.Calc4BitsCRC      crc16.o
    0x08001314   0x00000012   Code   RO         1914    i.CheckITStatus     stm32f10x_can.o
    0x08001326   0x0000001c   Code   RO         2518    i.ClearAllpwmValue  temp.o
    0x08001342   0x00000036   Code   RO         3041    i.Comm_CAN_FIFO_Init  comm_can_fifo.o
    0x08001378   0x0000005a   Code   RO         3042    i.Comm_CAN_FIFO_RxDataGet  comm_can_fifo.o
    0x080013d2   0x0000007a   Code   RO         3043    i.Comm_CAN_FIFO_RxDataPut  comm_can_fifo.o
    0x0800144c   0x00000070   Code   RO         3044    i.Comm_CAN_FIFO_TxDataGet  comm_can_fifo.o
    0x080014bc   0x00000040   Code   RO         3006    i.Comm_CAN_FilterInit  comm_can.o
    0x080014fc   0x00000066   Code   RO         3007    i.Comm_CAN_FilterNumInit  comm_can.o
    0x08001562   0x00000002   PAD
    0x08001564   0x000000d4   Code   RO         3008    i.Comm_CAN_Init     comm_can.o
    0x08001638   0x00000014   Code   RO         2926    i.Comm_CanRxData    comm.o
    0x0800164c   0x00000024   Code   RO         2927    i.Comm_CanRxDataGet  comm.o
    0x08001670   0x00000054   Code   RO         2929    i.Comm_CanTxDataSend  comm.o
    0x080016c4   0x0000001c   Code   RO         2932    i.Comm_Init         comm.o
    0x080016e0   0x0000000c   Code   RO         2933    i.Comm_Process      comm.o
    0x080016ec   0x000000d4   Code   RO         2383    i.Common_EXTI_Init  common.o
    0x080017c0   0x00000006   Code   RO         2384    i.Common_HiByte     common.o
    0x080017c6   0x00000006   Code   RO         2385    i.Common_LoByte     common.o
    0x080017cc   0x0000001c   Code   RO          488    i.DMA_ClearFlag     stm32f10x_dma.o
    0x080017e8   0x00000018   Code   RO          490    i.DMA_Cmd           stm32f10x_dma.o
    0x08001800   0x00000060   Code   RO         2476    i.DMA_Configuration  dma.o
    0x08001860   0x0000014c   Code   RO          491    i.DMA_DeInit        stm32f10x_dma.o
    0x080019ac   0x0000002c   Code   RO          493    i.DMA_GetFlagStatus  stm32f10x_dma.o
    0x080019d8   0x0000003c   Code   RO          496    i.DMA_Init          stm32f10x_dma.o
    0x08001a14   0x00000004   Code   RO          497    i.DMA_SetCurrDataCounter  stm32f10x_dma.o
    0x08001a18   0x00000002   Code   RO         2046    i.DebugMon_Handler  stm32f10x_it.o
    0x08001a1a   0x0000001e   Code   RO         2387    i.Delay_ms_SW       common.o
    0x08001a38   0x00000394   Code   RO         2587    i.Devices_Init      devices.o
    0x08001dcc   0x00000080   Code   RO         2588    i.Devices_Init_Status  devices.o
    0x08001e4c   0x00000034   Code   RO         2047    i.EXTI0_IRQHandler  stm32f10x_it.o
    0x08001e80   0x00000094   Code   RO         2048    i.EXTI15_10_IRQHandler  stm32f10x_it.o
    0x08001f14   0x00000012   Code   RO         2049    i.EXTI1_IRQHandler  stm32f10x_it.o
    0x08001f26   0x00000002   PAD
    0x08001f28   0x00000034   Code   RO         2050    i.EXTI4_IRQHandler  stm32f10x_it.o
    0x08001f5c   0x00000088   Code   RO         2051    i.EXTI9_5_IRQHandler  stm32f10x_it.o
    0x08001fe4   0x0000000c   Code   RO          561    i.EXTI_ClearITPendingBit  stm32f10x_exti.o
    0x08001ff0   0x00000028   Code   RO          565    i.EXTI_GetITStatus  stm32f10x_exti.o
    0x08002018   0x00000094   Code   RO          566    i.EXTI_Init         stm32f10x_exti.o
    0x080020ac   0x00000040   Code   RO          617    i.GPIO_EXTILineConfig  stm32f10x_gpio.o
    0x080020ec   0x00000116   Code   RO          620    i.GPIO_Init         stm32f10x_gpio.o
    0x08002202   0x00000002   PAD
    0x08002204   0x00000090   Code   RO          622    i.GPIO_PinRemapConfig  stm32f10x_gpio.o
    0x08002294   0x00000012   Code   RO          624    i.GPIO_ReadInputDataBit  stm32f10x_gpio.o
    0x080022a6   0x00000004   Code   RO          627    i.GPIO_ResetBits    stm32f10x_gpio.o
    0x080022aa   0x00000004   Code   RO          628    i.GPIO_SetBits      stm32f10x_gpio.o
    0x080022ae   0x00000096   Code   RO         2453    i.Get_50Adc_DMA_10Average  adc.o
    0x08002344   0x000000a4   Code   RO         2519    i.Get_Temp_Average  temp.o
    0x080023e8   0x00000004   Code   RO         2052    i.HardFault_Handler  stm32f10x_it.o
    0x080023ec   0x000000a8   Code   RO         2887    i.HostComm_Cmd_Process  hostprocess.o
    0x08002494   0x0000006c   Code   RO         2888    i.HostComm_Cmd_Respond_Common  hostprocess.o
    0x08002500   0x00000040   Code   RO         2889    i.HostComm_Cmd_Send_RawData  hostprocess.o
    0x08002540   0x0000004c   Code   RO         2818    i.HostComm_Config   hostcomm.o
    0x0800258c   0x0000003c   Code   RO         2819    i.HostComm_GPIO_Init  hostcomm.o
    0x080025c8   0x0000002c   Code   RO         2820    i.HostComm_Init     hostcomm.o
    0x080025f4   0x00000020   Code   RO         2821    i.HostComm_NVIC_Configuration  hostcomm.o
    0x08002614   0x00000018   Code   RO         2890    i.HostComm_Process  hostprocess.o
    0x0800262c   0x00000034   Code   RO         2822    i.HostComm_SendCommand  hostcomm.o
    0x08002660   0x00000056   Code   RO         2823    i.HostComm_TimeOut_Init  hostcomm.o
    0x080026b6   0x00000004   Code   RO         2053    i.MemManage_Handler  stm32f10x_it.o
    0x080026ba   0x00000002   Code   RO         2054    i.NMI_Handler       stm32f10x_it.o
    0x080026bc   0x00000070   Code   RO           24    i.NVIC_Init         misc.o
    0x0800272c   0x00000014   Code   RO           25    i.NVIC_PriorityGroupConfig  misc.o
    0x08002740   0x0000004c   Code   RO         2716    i.PIDAutoRegulation_Init  tempcontrol.o
    0x0800278c   0x00000002   Code   RO         2055    i.PendSV_Handler    stm32f10x_it.o
    0x0800278e   0x00000002   PAD
    0x08002790   0x000000ac   Code   RO         2690    i.PosSensor_Init    sensor.o
    0x0800283c   0x00000150   Code   RO         2589    i.Pump_Control      devices.o
    0x0800298c   0x00000020   Code   RO         2590    i.Pump_Set          devices.o
    0x080029ac   0x00000018   Code   RO          788    i.RCC_ADCCLKConfig  stm32f10x_rcc.o
    0x080029c4   0x00000020   Code   RO          789    i.RCC_AHBPeriphClockCmd  stm32f10x_rcc.o
    0x080029e4   0x00000020   Code   RO          790    i.RCC_APB1PeriphClockCmd  stm32f10x_rcc.o
    0x08002a04   0x00000020   Code   RO          792    i.RCC_APB2PeriphClockCmd  stm32f10x_rcc.o
    0x08002a24   0x00000020   Code   RO          793    i.RCC_APB2PeriphResetCmd  stm32f10x_rcc.o
    0x08002a44   0x000000d4   Code   RO          800    i.RCC_GetClocksFreq  stm32f10x_rcc.o
    0x08002b18   0x00000002   Code   RO         2056    i.SVC_Handler       stm32f10x_it.o
    0x08002b1a   0x00000002   PAD
    0x08002b1c   0x00000064   Code   RO         3103    i.Scroll_Press      device_action.o
    0x08002b80   0x00000008   Code   RO         2230    i.SetSysClock       system_stm32f10x.o
    0x08002b88   0x000000e0   Code   RO         2231    i.SetSysClockTo72   system_stm32f10x.o
    0x08002c68   0x0000002c   Code   RO         2520    i.SetpwmValue       temp.o
    0x08002c94   0x000000a0   Code   RO         2057    i.SysTick_Handler   stm32f10x_it.o
    0x08002d34   0x00000060   Code   RO         2390    i.SysTick_Init      common.o
    0x08002d94   0x00000060   Code   RO         2233    i.SystemInit        system_stm32f10x.o
    0x08002df4   0x00000020   Code   RO         2825    i.TIM2_IRQHandler   hostcomm.o
    0x08002e14   0x00000054   Code   RO         2058    i.TIM4_IRQHandler   stm32f10x_it.o
    0x08002e68   0x00000060   Code   RO         3128    i.TIM4_Int_Init     timer4.o
    0x08002ec8   0x00000006   Code   RO          999    i.TIM_ClearITPendingBit  stm32f10x_tim.o
    0x08002ece   0x00000018   Code   RO         1004    i.TIM_Cmd           stm32f10x_tim.o
    0x08002ee6   0x0000001e   Code   RO         1006    i.TIM_CtrlPWMOutputs  stm32f10x_tim.o
    0x08002f04   0x00000022   Code   RO         1025    i.TIM_GetITStatus   stm32f10x_tim.o
    0x08002f26   0x00000012   Code   RO         1029    i.TIM_ITConfig      stm32f10x_tim.o
    0x08002f38   0x00000098   Code   RO         1033    i.TIM_OC1Init       stm32f10x_tim.o
    0x08002fd0   0x00000012   Code   RO         1036    i.TIM_OC1PreloadConfig  stm32f10x_tim.o
    0x08002fe2   0x00000002   PAD
    0x08002fe4   0x000000a4   Code   RO         1038    i.TIM_OC2Init       stm32f10x_tim.o
    0x08003088   0x0000001a   Code   RO         1041    i.TIM_OC2PreloadConfig  stm32f10x_tim.o
    0x080030a2   0x00000002   PAD
    0x080030a4   0x000000a4   Code   RO         1075    i.TIM_TimeBaseInit  stm32f10x_tim.o
    0x08003148   0x00000014   Code   RO         2717    i.TempControl_Init  tempcontrol.o
    0x0800315c   0x00000010   Code   RO         2521    i.TempPwm_Init      temp.o
    0x0800316c   0x000000d0   Code   RO         2522    i.Temp_1_2_Pwm_Init  temp.o
    0x0800323c   0x000000d4   Code   RO         2523    i.Temp_3_Pwm_Init   temp.o
    0x08003310   0x00000018   Code   RO         2391    i.TimingDelay_Decrement  common.o
    0x08003328   0x00000104   Code   RO         2826    i.USART1_IRQHandler  hostcomm.o
    0x0800342c   0x00000012   Code   RO         1536    i.USART_ClearFlag   stm32f10x_usart.o
    0x0800343e   0x0000001e   Code   RO         1537    i.USART_ClearITPendingBit  stm32f10x_usart.o
    0x0800345c   0x00000018   Code   RO         1540    i.USART_Cmd         stm32f10x_usart.o
    0x08003474   0x0000001a   Code   RO         1543    i.USART_GetFlagStatus  stm32f10x_usart.o
    0x0800348e   0x00000054   Code   RO         1544    i.USART_GetITStatus  stm32f10x_usart.o
    0x080034e2   0x0000004a   Code   RO         1546    i.USART_ITConfig    stm32f10x_usart.o
    0x0800352c   0x000000d8   Code   RO         1547    i.USART_Init        stm32f10x_usart.o
    0x08003604   0x0000000a   Code   RO         1554    i.USART_ReceiveData  stm32f10x_usart.o
    0x0800360e   0x00000008   Code   RO         1557    i.USART_SendData    stm32f10x_usart.o
    0x08003616   0x00000002   PAD
    0x08003618   0x00000040   Code   RO         3009    i.USB_LP_CAN1_RX0_IRQHandler  comm_can.o
    0x08003658   0x00000004   Code   RO         2059    i.UsageFault_Handler  stm32f10x_it.o
    0x0800365c   0x0000002a   Code   RO         2593    i.Valve1_Lock_Warm  devices.o
    0x08003686   0x0000002a   Code   RO         2594    i.Valve2_Lock_Push_Reagent  devices.o
    0x080036b0   0x0000002c   Code   RO         2595    i.Valve3_Lock_Press  devices.o
    0x080036dc   0x0000002a   Code   RO         2596    i.Valve4_Lock_Scroll  devices.o
    0x08003706   0x0000002a   Code   RO         2597    i.Valve5_Lock       devices.o
    0x08003730   0x0000002a   Code   RO         2598    i.Valve6_Lock       devices.o
    0x0800375a   0x0000002a   Code   RO         2599    i.Valve7_Lock       devices.o
    0x08003784   0x0000002a   Code   RO         2600    i.Valve8_Lock       devices.o
    0x080037ae   0x0000000e   Code   RO         3483    i.__scatterload_copy  mc_w.l(handlers.o)
    0x080037bc   0x00000002   Code   RO         3484    i.__scatterload_null  mc_w.l(handlers.o)
    0x080037be   0x0000000e   Code   RO         3485    i.__scatterload_zeroinit  mc_w.l(handlers.o)
    0x080037cc   0x000000e4   Code   RO         2454    i.adc_Init          adc.o
    0x080038b0   0x000000f0   Code   RO         2525    i.analog2temp_thermistor  temp.o
    0x080039a0   0x00000038   Code   RO         2289    i.main              main.o
    0x080039d8   0x00000690   Data   RO         2526    .constdata          temp.o
    0x08004068   0x00000020   Data   RO         2797    .constdata          crc16.o
    0x08004088   0x00000020   Data   RO         3481    Region$$Table       anon$$obj.o


    Execution Region RW_IRAM1 (Base: 0x20000000, Size: 0x00000d48, Max: 0x00010000, ABSOLUTE)

    Base Addr    Size         Type   Attr      Idx    E Section Name        Object

    0x20000000   0x00000014   Data   RW          820    .data               stm32f10x_rcc.o
    0x20000014   0x00000008   Data   RW         2060    .data               stm32f10x_it.o
    0x2000001c   0x00000024   Data   RW         2356    .data               global_variable.o
    0x20000040   0x00000005   Data   RW         2392    .data               common.o
    0x20000045   0x00000003   PAD
    0x20000048   0x00000006   Data   RW         2480    .data               dma.o
    0x2000004e   0x00000002   PAD
    0x20000050   0x00000008   Data   RW         2720    .data               tempcontrol.o
    0x20000058   0x00000664   Zero   RW         2355    .bss                global_variable.o
    0x200006bc   0x0000012c   Zero   RW         2479    .bss                dma.o
    0x200007e8   0x00000038   Zero   RW         2719    .bss                tempcontrol.o
    0x20000820   0x00000121   Zero   RW         3048    .bss                comm_can_fifo.o
    0x20000941   0x00000007   PAD
    0x20000948   0x00000400   Zero   RW           17    STACK               startup_stm32f10x_hd.o


==============================================================================

Image component sizes


      Code (inc. data)   RO Data    RW Data    ZI Data      Debug   Object Name

       378         10          0          0          0       1313   adc.o
       180         20          0          0          0       4537   comm.o
       442         18          0          0          0       2317   comm_can.o
       378          0          0          0        289       4729   comm_can_fifo.o
       374         40          0          5          0      19727   common.o
         0          0          0          0          0       4536   core_cm3.o
        86          6         32          0          0       1869   crc16.o
       324         62          0          0          0       1550   device_action.o
      1750         78          0          0          0       8910   devices.o
       232         30          0          6        300       2393   dma.o
         0          0          0         36       1636       1726   global_variable.o
       642         50          0          0          0       4329   hostcomm.o
       364         48          0          0          0       3652   hostprocess.o
        56          0          0          0          0        451   main.o
       132         22          0          0          0     279451   misc.o
       172         14          0          0          0        493   sensor.o
        36          8        304          0       1024        776   startup_stm32f10x_hd.o
       482         24          0          0          0       7430   stm32f10x_adc.o
      1726         38          0          0          0       6583   stm32f10x_can.o
       492         26          0          0          0       4791   stm32f10x_dma.o
       200         18          0          0          0       1920   stm32f10x_exti.o
       512         10          0          0          0       4772   stm32f10x_gpio.o
       674         92          0          8          0       7039   stm32f10x_it.o
       364         50          0         20          0       5778   stm32f10x_rcc.o
       636         72          0          0          0       6237   stm32f10x_tim.o
       490          6          0          0          0       6869   stm32f10x_usart.o
       328         28          0          0          0       2493   system_stm32f10x.o
       912         74       1680          0          0       4642   temp.o
        96         22          0          8         56       2014   tempcontrol.o
        96          6          0          0          0        620   timer4.o

    ----------------------------------------------------------------------
     12574        872       2048         88       3312     403947   Object Totals
         0          0         32          0          0          0   (incl. Generated)
        20          0          0          5          7          0   (incl. Padding)

    ----------------------------------------------------------------------

      Code (inc. data)   RO Data    RW Data    ZI Data      Debug   Library Member Name

         0          0          0          0          0          0   entry.o
         0          0          0          0          0          0   entry10a.o
         0          0          0          0          0          0   entry11a.o
         8          4          0          0          0          0   entry2.o
         4          0          0          0          0          0   entry5.o
         0          0          0          0          0          0   entry7b.o
         0          0          0          0          0          0   entry8b.o
         8          4          0          0          0          0   entry9a.o
        30          0          0          0          0          0   handlers.o
        36          8          0          0          0         68   init.o
         0          0          0          0          0          0   iusefp.o
        30          0          0          0          0         68   llshl.o
        36          0          0          0          0         68   llsshr.o
        32          0          0          0          0         68   llushr.o
        36          0          0          0          0         68   memcpya.o
        36          0          0          0          0        108   memseta.o
        20          0          0          0          0         68   cfcmple.o
        56          0          0          0          0         88   d2f.o
       334          0          0          0          0        148   dadd.o
       222          0          0          0          0        100   ddiv.o
       186          0          0          0          0        176   depilogue.o
       228          0          0          0          0         96   dmul.o
        38          0          0          0          0         68   f2d.o
       176          0          0          0          0        140   fadd.o
       124          0          0          0          0         88   fdiv.o
       110          0          0          0          0        168   fepilogue.o
        50          0          0          0          0         68   ffixi.o
        18          0          0          0          0         68   fflti.o
        10          0          0          0          0         68   ffltui.o
       100          0          0          0          0         76   fmul.o

    ----------------------------------------------------------------------
      1930         16          0          0          0       1868   Library Totals
         2          0          0          0          0          0   (incl. Padding)

    ----------------------------------------------------------------------

      Code (inc. data)   RO Data    RW Data    ZI Data      Debug   Library Name

       256         16          0          0          0        448   mc_w.l
      1672          0          0          0          0       1420   mf_w.l

    ----------------------------------------------------------------------
      1930         16          0          0          0       1868   Library Totals

    ----------------------------------------------------------------------

==============================================================================


      Code (inc. data)   RO Data    RW Data    ZI Data      Debug   

     14504        888       2048         88       3312     397803   Grand Totals
     14504        888       2048         88       3312     397803   ELF Image Totals
     14504        888       2048         88          0          0   ROM Totals

==============================================================================

    Total RO  Size (Code + RO Data)                16552 (  16.16kB)
    Total RW  Size (RW Data + ZI Data)              3400 (   3.32kB)
    Total ROM Size (Code + RO Data + RW Data)      16640 (  16.25kB)

==============================================================================

